Using pre-set license
Built from '2021.3/staging' branch; Version is '2021.3.45f1 (0da89fac8e79) revision 895135'; Using compiler version '192829333'; Build Type 'Release'
OS: 'Windows 11  (10.0.26100) 64bit Professional' Language: 'ru' Physical Memory: 15571 MB
BatchMode: 1, IsHumanControllingUs: 0, StartBugReporterOnCrash: 0, Is64bit: 1, IsPro: 1

COMMAND LINE ARGUMENTS:
C:\Program Files\Unity\Hub\Editor\2021.3.45f1\Editor\Unity.exe
-adb2
-batchMode
-noUpm
-name
AssetImportWorker0
-projectPath
C:/Projects/VR/VR_project/VR_project
-logFile
Logs/AssetImportWorker0.log
-srvPort
53430
Successfully changed project path to: C:/Projects/VR/VR_project/VR_project
C:/Projects/VR/VR_project/VR_project
[UnityMemory] Configuration Parameters - Can be set up in boot.config
    "memorysetup-bucket-allocator-granularity=16"
    "memorysetup-bucket-allocator-bucket-count=8"
    "memorysetup-bucket-allocator-block-size=33554432"
    "memorysetup-bucket-allocator-block-count=8"
    "memorysetup-main-allocator-block-size=16777216"
    "memorysetup-thread-allocator-block-size=16777216"
    "memorysetup-gfx-main-allocator-block-size=16777216"
    "memorysetup-gfx-thread-allocator-block-size=16777216"
    "memorysetup-cache-allocator-block-size=4194304"
    "memorysetup-typetree-allocator-block-size=2097152"
    "memorysetup-profiler-bucket-allocator-granularity=16"
    "memorysetup-profiler-bucket-allocator-bucket-count=8"
    "memorysetup-profiler-bucket-allocator-block-size=33554432"
    "memorysetup-profiler-bucket-allocator-block-count=8"
    "memorysetup-profiler-allocator-block-size=16777216"
    "memorysetup-profiler-editor-allocator-block-size=1048576"
    "memorysetup-temp-allocator-size-main=16777216"
    "memorysetup-job-temp-allocator-block-size=2097152"
    "memorysetup-job-temp-allocator-block-size-background=1048576"
    "memorysetup-job-temp-allocator-reduction-small-platforms=262144"
    "memorysetup-temp-allocator-size-background-worker=32768"
    "memorysetup-temp-allocator-size-job-worker=262144"
    "memorysetup-temp-allocator-size-preload-manager=33554432"
    "memorysetup-temp-allocator-size-nav-mesh-worker=65536"
    "memorysetup-temp-allocator-size-audio-worker=65536"
    "memorysetup-temp-allocator-size-cloud-worker=32768"
    "memorysetup-temp-allocator-size-gi-baking-worker=262144"
    "memorysetup-temp-allocator-size-gfx=262144"
Player connection [29328] Host "[IP] 192.168.56.1 [Port] 0 [Flags] 2 [Guid] 1154699237 [EditorId] 1154699237 [Version] 1048832 [Id] WindowsEditor(7,MSI-Nout) [Debug] 1 [PackageName] WindowsEditor [ProjectName] Editor" joined multi-casting on [225.0.0.222:54997]...

Player connection [29328] Host "[IP] 192.168.56.1 [Port] 0 [Flags] 2 [Guid] 1154699237 [EditorId] 1154699237 [Version] 1048832 [Id] WindowsEditor(7,MSI-Nout) [Debug] 1 [PackageName] WindowsEditor [ProjectName] Editor" joined alternative multi-casting on [225.0.0.222:34997]...

[Physics::Module] Initialized MultithreadedJobDispatcher with {0} workers.
Refreshing native plugins compatible for Editor in 45.22 ms, found 3 plugins.
Preloading 0 native plugins for Editor in 0.00 ms.
Initialize engine version: 2021.3.45f1 (0da89fac8e79)
[Subsystems] Discovering subsystems at path C:/Program Files/Unity/Hub/Editor/2021.3.45f1/Editor/Data/Resources/UnitySubsystems
[Subsystems] Discovering subsystems at path C:/Projects/VR/VR_project/VR_project/Assets
GfxDevice: creating device client; threaded=0; jobified=0
Direct3D:
    Version:  Direct3D 11.0 [level 11.1]
    Renderer: NVIDIA GeForce RTX 4060 Laptop GPU (ID=0x28a0)
    Vendor:   NVIDIA
    VRAM:     7957 MB
    Driver:   32.0.15.7602
Initialize mono
Mono path[0] = 'C:/Program Files/Unity/Hub/Editor/2021.3.45f1/Editor/Data/Managed'
Mono path[1] = 'C:/Program Files/Unity/Hub/Editor/2021.3.45f1/Editor/Data/MonoBleedingEdge/lib/mono/unityjit-win32'
Mono config path = 'C:/Program Files/Unity/Hub/Editor/2021.3.45f1/Editor/Data/MonoBleedingEdge/etc'
Using monoOptions --debugger-agent=transport=dt_socket,embedding=1,server=y,suspend=n,address=127.0.0.1:56580
Begin MonoManager ReloadAssembly
Registering precompiled unity dll's ...
Register platform support module: C:/Program Files/Unity/Hub/Editor/2021.3.45f1/Editor/Data/PlaybackEngines/AndroidPlayer/UnityEditor.Android.Extensions.dll
Register platform support module: C:/Program Files/Unity/Hub/Editor/2021.3.45f1/Editor/Data/PlaybackEngines/WindowsStandaloneSupport/UnityEditor.WindowsStandalone.Extensions.dll
Registered in 0.004417 seconds.
Native extension for WindowsStandalone target not found
Native extension for Android target not found
Android Extension - Scanning For ADB Devices 229 ms
Refreshing native plugins compatible for Editor in 39.44 ms, found 3 plugins.
Preloading 0 native plugins for Editor in 0.00 ms.
Mono: successfully reloaded assembly
- Completed reload, in  0.768 seconds
Domain Reload Profiling:
	ReloadAssembly (768ms)
		BeginReloadAssembly (77ms)
			ExecutionOrderSort (0ms)
			DisableScriptedObjects (0ms)
			BackupInstance (0ms)
			ReleaseScriptingObjects (0ms)
			CreateAndSetChildDomain (1ms)
		EndReloadAssembly (618ms)
			LoadAssemblies (75ms)
			RebuildTransferFunctionScriptingTraits (0ms)
			SetupTypeCache (86ms)
			ReleaseScriptCaches (0ms)
			RebuildScriptCaches (27ms)
			SetupLoadedEditorAssemblies (468ms)
				LogAssemblyErrors (0ms)
				InitializePlatformSupportModulesInManaged (286ms)
				SetLoadedEditorAssemblies (0ms)
				RefreshPlugins (40ms)
				BeforeProcessingInitializeOnLoad (1ms)
				ProcessInitializeOnLoadAttributes (98ms)
				ProcessInitializeOnLoadMethodAttributes (43ms)
				AfterProcessingInitializeOnLoad (0ms)
				EditorAssembliesLoaded (0ms)
			ExecutionOrderSort2 (0ms)
			AwakeInstancesAfterBackupRestoration (0ms)
Platform modules already initialized, skipping
Registering precompiled user dll's ...
Registered in 0.004113 seconds.
Begin MonoManager ReloadAssembly
Native extension for WindowsStandalone target not found
Native extension for Android target not found
Refreshing native plugins compatible for Editor in 0.57 ms, found 3 plugins.
Preloading 0 native plugins for Editor in 0.00 ms.
Package Manager log level set to [2]
[Package Manager] Server::EnsureServerProcessIsRunning -- launch failed, reason: Unity was launched with the -noUpm command-line argument
[Package Manager] Cannot connect to Unity Package Manager local server
Mono: successfully reloaded assembly
- Completed reload, in  1.285 seconds
Domain Reload Profiling:
	ReloadAssembly (1285ms)
		BeginReloadAssembly (104ms)
			ExecutionOrderSort (0ms)
			DisableScriptedObjects (5ms)
			BackupInstance (0ms)
			ReleaseScriptingObjects (0ms)
			CreateAndSetChildDomain (21ms)
		EndReloadAssembly (1101ms)
			LoadAssemblies (73ms)
			RebuildTransferFunctionScriptingTraits (0ms)
			SetupTypeCache (229ms)
			ReleaseScriptCaches (0ms)
			RebuildScriptCaches (45ms)
			SetupLoadedEditorAssemblies (729ms)
				LogAssemblyErrors (0ms)
				InitializePlatformSupportModulesInManaged (13ms)
				SetLoadedEditorAssemblies (0ms)
				RefreshPlugins (1ms)
				BeforeProcessingInitializeOnLoad (53ms)
				ProcessInitializeOnLoadAttributes (635ms)
				ProcessInitializeOnLoadMethodAttributes (22ms)
				AfterProcessingInitializeOnLoad (5ms)
				EditorAssembliesLoaded (0ms)
			ExecutionOrderSort2 (0ms)
			AwakeInstancesAfterBackupRestoration (5ms)
Platform modules already initialized, skipping
========================================================================
Worker process is ready to serve import requests
Launched and connected shader compiler UnityShaderCompiler.exe after 0.04 seconds
Refreshing native plugins compatible for Editor in 1.15 ms, found 3 plugins.
Preloading 0 native plugins for Editor in 0.00 ms.
Unloading 3081 Unused Serialized files (Serialized files now loaded: 0)
Unloading 24 unused Assets / (46.4 KB). Loaded Objects now: 3542.
Memory consumption went from 106.9 MB to 106.9 MB.
Total: 5.078700 ms (FindLiveObjects: 0.518300 ms CreateObjectMapping: 0.288400 ms MarkObjects: 4.181900 ms  DeleteObjects: 0.088600 ms)

AssetImportParameters requested are different than current active one (requested -> active):
  custom:video-decoder-ogg-theora: a1e56fd34408186e4bbccfd4996cb3dc -> 
  custom:container-muxer-webm: aa71ff27fc2769a1b78a27578f13a17b -> 
  custom:container-demuxer-webm: 4f35f7cbe854078d1ac9338744f61a02 -> 
  custom:video-encoder-webm-vp8: eb34c28f22e8b96e1ab97ce403110664 -> 
  custom:video-codec-MediaFoundation-h265: 746d11721c4dcdbdad8f713fa42b33f4 -> 
  custom:CustomObjectIndexerAttribute: bc11b3a6c3213fcdd17b65e7da85e133 -> 
  custom:audio-encoder-webm-vorbis: bf7c407c2cedff20999df2af8eb42d56 -> 
  custom:framework-win-MediaFoundation: 216162199b28c13a410421893ffa2e32 -> 
  custom:SearchIndexIgnoredProperties: e643bd26f0fe6173181afceb89e7c659 -> 
  custom:container-demuxer-ogg: 62fdf1f143b41e24485cea50d1cbac27 -> 
  custom:video-decoder-webm-vp8: 9c59270c3fd7afecdb556c50c9e8de78 -> 
  custom:audio-decoder-ogg-vorbis: bf7c407c2cedff20999df2af8eb42d56 -> 
========================================================================
Received Import Request.
  Time since last request: 744275.782157 seconds.
  path: Assets/Materials/Metal.mat
  artifactKey: Guid(e34f84467aecc724ab84675a956d799c) Importer(815301076,1909f56bfc062723c751e8b465ee728b)
Number of updated assets reloaded before import = 0
Start importing Assets/Materials/Metal.mat using Guid(e34f84467aecc724ab84675a956d799c) Importer(815301076,1909f56bfc062723c751e8b465ee728b)  -> (artifact id: 'f9dc29b48284d53f1b7f958e3372a55a') in 0.122751 seconds 
Number of asset objects unloaded after import = 1
========================================================================
Received Import Request.
  Time since last request: 0.000019 seconds.
  path: Assets/Materials/PlaneMaterial.mat
  artifactKey: Guid(780dd9849ada8c64181fd7a7fd43beee) Importer(815301076,1909f56bfc062723c751e8b465ee728b)
Number of updated assets reloaded before import = 0
Start importing Assets/Materials/PlaneMaterial.mat using Guid(780dd9849ada8c64181fd7a7fd43beee) Importer(815301076,1909f56bfc062723c751e8b465ee728b)  -> (artifact id: '8fdf1eb411d4bd8bcdfff985d676b4c3') in 0.012983 seconds 
Number of asset objects unloaded after import = 1
========================================================================
Received Import Request.
  Time since last request: 0.000028 seconds.
  path: Assets/Materials/Rubber.mat
  artifactKey: Guid(f50c639588876834d9cb0753226c87b1) Importer(815301076,1909f56bfc062723c751e8b465ee728b)
Number of updated assets reloaded before import = 0
Start importing Assets/Materials/Rubber.mat using Guid(f50c639588876834d9cb0753226c87b1) Importer(815301076,1909f56bfc062723c751e8b465ee728b)  -> (artifact id: '99f8756575996e40bf86277fe5ae8583') in 0.006339 seconds 
Number of asset objects unloaded after import = 1
========================================================================
Received Import Request.
  Time since last request: 0.475018 seconds.
  path: Assets/Models/17370_Power_belt_conveyor_v1.obj
  artifactKey: Guid(dbf991f579280b249911f74dd5717cb8) Importer(815301076,1909f56bfc062723c751e8b465ee728b)
Number of updated assets reloaded before import = 0
Start importing Assets/Models/17370_Power_belt_conveyor_v1.obj using Guid(dbf991f579280b249911f74dd5717cb8) Importer(815301076,1909f56bfc062723c751e8b465ee728b)  -> (artifact id: '3394a48da1c6525f9628e1d9624d865b') in 0.054632 seconds 
Number of asset objects unloaded after import = 10
========================================================================
Received Import Request.
  Time since last request: 0.000018 seconds.
  path: Assets/Models/Conveyer.fbx
  artifactKey: Guid(05b9794c86335ba428dfbcef3e2ac9cd) Importer(815301076,1909f56bfc062723c751e8b465ee728b)
Number of updated assets reloaded before import = 0
Start importing Assets/Models/Conveyer.fbx using Guid(05b9794c86335ba428dfbcef3e2ac9cd) Importer(815301076,1909f56bfc062723c751e8b465ee728b)  -> (artifact id: 'ee4d69e20a2e7394c3a0db8a964b08ac') in 0.495125 seconds 
Number of asset objects unloaded after import = 424
========================================================================
Received Prepare
Registering precompiled user dll's ...
Registered in 0.004361 seconds.
Begin MonoManager ReloadAssembly
Native extension for WindowsStandalone target not found
Native extension for Android target not found
Refreshing native plugins compatible for Editor in 1.26 ms, found 3 plugins.
Preloading 0 native plugins for Editor in 0.00 ms.
[Package Manager] Server::EnsureServerProcessIsRunning -- launch failed, reason: Unity was launched with the -noUpm command-line argument
[Package Manager] Cannot connect to Unity Package Manager local server
Mono: successfully reloaded assembly
- Completed reload, in  1.493 seconds
Domain Reload Profiling:
	ReloadAssembly (1494ms)
		BeginReloadAssembly (173ms)
			ExecutionOrderSort (0ms)
			DisableScriptedObjects (8ms)
			BackupInstance (0ms)
			ReleaseScriptingObjects (0ms)
			CreateAndSetChildDomain (53ms)
		EndReloadAssembly (1236ms)
			LoadAssemblies (99ms)
			RebuildTransferFunctionScriptingTraits (0ms)
			SetupTypeCache (253ms)
			ReleaseScriptCaches (1ms)
			RebuildScriptCaches (54ms)
			SetupLoadedEditorAssemblies (813ms)
				LogAssemblyErrors (0ms)
				InitializePlatformSupportModulesInManaged (19ms)
				SetLoadedEditorAssemblies (1ms)
				RefreshPlugins (1ms)
				BeforeProcessingInitializeOnLoad (63ms)
				ProcessInitializeOnLoadAttributes (701ms)
				ProcessInitializeOnLoadMethodAttributes (24ms)
				AfterProcessingInitializeOnLoad (4ms)
				EditorAssembliesLoaded (0ms)
			ExecutionOrderSort2 (0ms)
			AwakeInstancesAfterBackupRestoration (5ms)
Platform modules already initialized, skipping
Script is not up to date after domain reload: guid(1ed4e84183ad15c43b32a13aeca25b98) path("Packages/com.unity.xr.legacyinputhelpers/Runtime/ArmModels/ArmModel.cs") state(2)
Script is not up to date after domain reload: guid(776e8db597ee06842a94c5fe96a692db) path("Packages/com.valvesoftware.unity.openvr/Runtime/DeviceLayouts.cs") state(2)
Script is not up to date after domain reload: guid(155fb79913e46e546926a3cad34ee561) path("Packages/com.unity.xr.management/Editor/AndroidManifest/AndroidManifestDocument.cs") state(2)
Script is not up to date after domain reload: guid(57a021d9ff05c6f4588567ea353dee33) path("Packages/com.unity.xr.management/Tests/TestTooling/LoaderTestSetup.cs") state(2)
Script is not up to date after domain reload: guid(a1d3d423453f7094a9219647aa8700d4) path("Packages/com.unity.xr.management/Editor/XRPackageInitialization.cs") state(2)
Script is not up to date after domain reload: guid(2254374c9407c02439ac76a9931081cd) path("Packages/com.unity.xr.management/Tests/Editor/PackageInitSettingsTests.cs") state(2)
Script is not up to date after domain reload: guid(d2dc886499c26824283350fa532d087d) path("Packages/com.unity.xr.management/Editor/XRGeneralSettingsPerBuildTarget.cs") state(2)
Script is not up to date after domain reload: guid(8443d3621b17161459d890b196695db3) path("Packages/com.unity.xr.management/xrmanifest.androidlib") state(2)
Script is not up to date after domain reload: guid(ae3d005fd595c0841ac79b5c0d7fcb35) path("Packages/com.unity.xr.management/Editor/XRLoaderInfoManager.cs") state(2)
Script is not up to date after domain reload: guid(ab121e37ba25f5549b3f70723f0587a2) path("Packages/com.unity.xr.management/Tests/TestPackage/Editor/TestPackage.cs") state(2)
Script is not up to date after domain reload: guid(80ce73850af91a64db881df56edfb826) path("Packages/com.unity.xr.management/Tests/TestPackage/Runtime/TestLoaderTwo.cs") state(2)
Script is not up to date after domain reload: guid(81b4aa850da6b0e47be8180dfdbca4f6) path("Packages/com.unity.xr.management/Editor/XRCustomLoaderUI.cs") state(2)
Script is not up to date after domain reload: guid(a01285314f691c540930d22a6a820b09) path("Packages/com.unity.xr.management/Editor/XRPackageInitializationSettings.cs") state(2)
Script is not up to date after domain reload: guid(bd5fdb090509d384b9a8c01f40e1f085) path("Packages/com.valvesoftware.unity.openvr/Runtime/x86/ucrtbased.dll") state(2)
Script is not up to date after domain reload: guid(fe69636be56b48041abf9fd83457a282) path("Packages/com.unity.xr.management/Tests/Editor/AndroidManifestTests.cs") state(2)
Script is not up to date after domain reload: guid(8d28a628911c34c58a40cb9ef2ea4b31) path("Packages/com.unity.xr.management/Runtime/XRLoaderHelper.cs") state(2)
Script is not up to date after domain reload: guid(a500e1fea16b2fa43b644ddf59175b68) path("Packages/com.unity.xr.management/Tests/TestTooling/ManagementTestSetup.cs") state(2)
Script is not up to date after domain reload: guid(8227b7d99b019a14e9c7252c25cfcdc2) path("Packages/com.unity.xr.management/Tests/Editor/StandaloneSubsystemTests.cs") state(2)
Script is not up to date after domain reload: guid(a1797bfd7905e844ab00f68dca3ed050) path("Packages/com.unity.xr.management/Editor/AndroidManifest/AndroidManifestProcessor.cs") state(2)
Script is not up to date after domain reload: guid(b7d676d740a0644c0870d6d689136546) path("Packages/com.unity.xr.management/Editor/XRSettingsManager.cs") state(2)
Script is not up to date after domain reload: guid(d0771c912c4d7c841b238a454ec571cb) path("Packages/com.unity.xr.legacyinputhelpers/Editor/ArmModels/TransitionArmModelEditor.cs") state(2)
Script is not up to date after domain reload: guid(42e3aee306e61d04e86b1f31768ef309) path("Packages/com.unity.xr.management/Tests/TestPackage/Editor/TestSettingsEditor.cs") state(2)
Script is not up to date after domain reload: guid(8a0b161efcd8b074a826ab7d34fcfa43) path("Packages/com.unity.xr.management/Editor/Metadata/XRPackageMetadataStore.cs") state(2)
Script is not up to date after domain reload: guid(89c097ec5a9e1d0409a12d54380028f9) path("Packages/com.unity.xr.legacyinputhelpers/Editor/TrackedPoseDriver/TrackedPoseDriverEditor.cs") state(2)
Script is not up to date after domain reload: guid(199b1132f38d3f441aa719318365d5e9) path("Packages/com.unity.xr.management/Tests/Editor/BuildTests.cs") state(2)
Script is not up to date after domain reload: guid(eb7cc2e2517b6a54096dad971cfd5d86) path("Packages/com.valvesoftware.unity.openvr/Runtime/OpenVRHelpers.cs") state(2)
Script is not up to date after domain reload: guid(f054bb8325ac45040b14bf8bd85066f2) path("Packages/com.unity.xr.management/Tests/Editor/PackageManagementTests.cs") state(2)
Script is not up to date after domain reload: guid(101cdf2d24ab75f4cb29ac9cb47e8209) path("Packages/com.unity.xr.management/Editor/AndroidManifest/ManifestElement.cs") state(2)
Script is not up to date after domain reload: guid(6895f8ad07949c64f847ed31c87af951) path("Packages/com.unity.xr.management/Editor/EditorUtilities.cs") state(2)
Script is not up to date after domain reload: guid(24f65cd604fa73e4e9dbaa12d1b335e9) path("Packages/com.unity.xr.management/Tests/StandaloneSubsystem/StandaloneSubsystem.cs") state(2)
Script is not up to date after domain reload: guid(573bb802f55a06c4fb7f19db9a003f62) path("Packages/com.unity.xr.management/Editor/XRSupportedBuildTargetAttribute.cs") state(2)
Script is not up to date after domain reload: guid(9d5810c1ea5c4b640a6f4be29474580e) path("Packages/com.valvesoftware.unity.openvr/Runtime/x64/XRSDKOpenVR.dll") state(2)
Script is not up to date after domain reload: guid(9ebb01c3a5ac7564d80fe780a7058df0) path("Packages/com.unity.xr.legacyinputhelpers/Editor/SeedXRInputBindings/SeedXRInputBindings.cs") state(2)
Script is not up to date after domain reload: guid(0cb5ab924d5b50c498ffc64879877e86) path("Packages/com.unity.xr.legacyinputhelpers/Tests/Runtime/TrackedPoseDriver/TrackedPoseDriverTests.cs") state(2)
Script is not up to date after domain reload: guid(759b8a665f0e4234db4a1b9a1514aa1d) path("Packages/com.unity.xr.legacyinputhelpers/Editor/ArmModels/SwingArmModelEditor.cs") state(2)
Script is not up to date after domain reload: guid(731806369f8c24ec3bfee6ac9f820f6a) path("Packages/com.unity.xr.management/Tests/Editor/EditorTests.cs") state(2)
Script is not up to date after domain reload: guid(d236b7d11115f2143951f1e14045df39) path("Packages/com.unity.xr.management/Runtime/XRGeneralSettings.cs") state(2)
Script is not up to date after domain reload: guid(f4c3631f5e58749a59194e0cf6baf6d5) path("Packages/com.unity.xr.management/Runtime/XRManagerSettings.cs") state(2)
Script is not up to date after domain reload: guid(d19006cf3476fe8418e1018605a8ef99) path("Packages/com.unity.xr.management/Editor/AndroidManifest/AndroidManifestBuildEventReceiver.cs") state(2)
Script is not up to date after domain reload: guid(7cbb6fca93034d44a8826718d09db887) path("Packages/com.unity.xr.management/Tests/TestPackage/Runtime/TestLoaderThree.cs") state(2)
Script is not up to date after domain reload: guid(85d49a0048bacad4c9390536624325c2) path("Packages/com.valvesoftware.unity.openvr/Runtime/x64/libXRSDKOpenVR.so") state(2)
Script is not up to date after domain reload: guid(53934dfb266064225a96fe928fdcd3b3) path("Packages/com.unity.xr.management/Tests/Runtime/DummyLoader.cs") state(2)
Script is not up to date after domain reload: guid(44ea4f699730f4b1a93b7ea24a2319c5) path("Packages/com.unity.xr.management/Editor/XRConfigurationProvider.cs") state(2)
Script is not up to date after domain reload: guid(69dd6727f817cfd42a88eb2b632c436d) path("Packages/com.unity.xr.management/Tests/Runtime/RuntimeTestSettings.cs") state(2)
Script is not up to date after domain reload: guid(67c6b20ab8216514ba5aedd7898dc1ac) path("Packages/com.unity.xr.management/Tests/Editor/MetadataTests.cs") state(2)
Script is not up to date after domain reload: guid(4a77633e6daf24a45994d8aae1b52268) path("Packages/com.unity.xr.legacyinputhelpers/Runtime/TrackedPoseDriver/AssemblyInfo.cs") state(2)
Script is not up to date after domain reload: guid(61ff693bbf35149d684ae1e0be75e26f) path("Packages/com.unity.xr.management/Runtime/XRLoader.cs") state(2)
Script is not up to date after domain reload: guid(0bcb0a0c70d1bbe419964a5935a83745) path("Packages/com.unity.xr.legacyinputhelpers/Tests/Editor/SeedXRInputBindings/SeedXRInputBindingsTests.cs") state(2)
Script is not up to date after domain reload: guid(bdda55d4c239b3f438a25afea4860171) path("Packages/com.unity.xr.management/Tests/TestPackage/Runtime/TestSettings.cs") state(2)
Script is not up to date after domain reload: guid(98f5e129a3cd69847bae7685c22fd39b) path("Packages/com.unity.xr.management/Tests/StandaloneSubsystem/StandaloneLoader.cs") state(2)
Script is not up to date after domain reload: guid(0d622ec83e4f54b6596923435a4bba8b) path("Packages/com.unity.xr.management/Editor/XRManagerEditor.cs") state(2)
Script is not up to date after domain reload: guid(9a8e42857af398b43bb150f17aea738b) path("Packages/com.unity.xr.management/Editor/XREditorWorkQueue.cs") state(2)
Script is not up to date after domain reload: guid(aa96b4d255b4b9f4da4c77ce337393ec) path("Packages/com.unity.xr.legacyinputhelpers/Runtime/TrackedPoseDriver/BasePoseProvider.cs") state(2)
Script is not up to date after domain reload: guid(15f789f4848004249b8e67d3fcf33a78) path("Packages/com.unity.xr.management/Editor/XRConstants.cs") state(2)
Script is not up to date after domain reload: guid(3ffc80ed5a6b6e74499a45b59a238640) path("Packages/com.unity.xr.management/Editor/Legacy/XRLegacyUninstaller.cs") state(2)
Script is not up to date after domain reload: guid(a2483b9bd782f9449a5972b61b7d51a9) path("Packages/com.unity.xr.legacyinputhelpers/Runtime/CameraOffset.cs") state(2)
Script is not up to date after domain reload: guid(28c8363a46afc475bb1a7901a0dd2ad2) path("Packages/com.unity.xr.management/Editor/TypeLoaderExtensions.cs") state(2)
Script is not up to date after domain reload: guid(93492893b74ab764b83d940916a59b03) path("Packages/com.unity.xr.legacyinputhelpers/Runtime/ArmModels/TransitionArmModel.cs") state(2)
Script is not up to date after domain reload: guid(aa29f6b16faf667488069bc2272a9364) path("Packages/com.unity.xr.management/Editor/XRGeneralBuildProcessor.cs") state(2)
Script is not up to date after domain reload: guid(4f9b2b17cfd02430b99d104616f45273) path("Packages/com.unity.xr.management/Runtime/XRConfigurationData.cs") state(2)
Script is not up to date after domain reload: guid(f2052235d412b9845bcb42de2b6ec306) path("Packages/com.unity.xr.management/Editor/XRGeneralSettingsUpgrade.cs") state(2)
Script is not up to date after domain reload: guid(e42439f4b5dbd1947a2161c0c2969508) path("Packages/com.unity.xr.legacyinputhelpers/Editor/CameraOffsetEditor.cs") state(2)
Script is not up to date after domain reload: guid(9827676ef5f18a44e878c6754e9ea67a) path("Packages/com.unity.xr.management/Tests/TestPackage/Runtime/TestLoaderOne.cs") state(2)
Script is not up to date after domain reload: guid(35384602e31b9654ab877f04fa188204) path("Packages/com.valvesoftware.unity.openvr/Runtime/x86/openvr_api.dll") state(2)
Script is not up to date after domain reload: guid(06177c8680ea415c88d4b29d40a79cec) path("Packages/com.unity.xr.management/Editor/PackageNotificationUtils.cs") state(2)
Script is not up to date after domain reload: guid(e626a1eec7776ce4797c6ef00c47bf23) path("Packages/com.unity.xr.management/Editor/XRLoaderOrderUI.cs") state(2)
Script is not up to date after domain reload: guid(918a2ed9fc11fbe42982c69db3aa5dc9) path("Packages/com.unity.xr.management/Editor/BuildHelpers.cs") state(2)
Script is not up to date after domain reload: guid(9afbbf83a040d6440ae4932e5304f426) path("Packages/com.valvesoftware.unity.openvr/Runtime/x64/ucrtbased.dll") state(2)
Script is not up to date after domain reload: guid(71386a05eac8ec4498473d915e4eacc5) path("Packages/com.valvesoftware.unity.openvr/Runtime/x64/openvr_api.dll") state(2)
Script is not up to date after domain reload: guid(eca7ba6d7e1b88845960a98f39f5d381) path("Packages/com.unity.xr.management/Editor/XRLoaderInfo.cs") state(2)
Script is not up to date after domain reload: guid(280b4d58d27987248b1d07c8d70e0784) path("Packages/com.unity.xr.management/Editor/Metadata/XRPackage.cs") state(2)
Script is not up to date after domain reload: guid(f2298ee6083796c41a784a83c67d909a) path("Packages/com.valvesoftware.unity.openvr/Runtime/x86/XRSDKOpenVR.dll") state(2)
Script is not up to date after domain reload: guid(c9587e8332e3478419afa1a60bf10342) path("Packages/com.valvesoftware.unity.openvr/Editor/OpenVRLoaderMetadata.cs") state(2)
Script is not up to date after domain reload: guid(7754b2a3cfd01774c9b7d715d3dbdc48) path("Packages/com.unity.xr.management/Editor/Metadata/XRPackageMetadata.cs") state(2)
Script is not up to date after domain reload: guid(dda6a4ae198ab2643bd0c72cb8b3f51c) path("Packages/com.unity.xr.management/Tests/TestPackage/Runtime/TestLoaderBase.cs") state(2)
Script is not up to date after domain reload: guid(8fe979d5973bf424080cd97a9917fb53) path("Packages/com.unity.xr.management/Editor/XRCustomLoaderUIManager.cs") state(2)
Script is not up to date after domain reload: guid(fac60b1ea386ed14da6c50ad574e0ab0) path("Packages/com.unity.xr.management/Editor/AndroidManifest/ManifestRequirement.cs") state(2)
Script is not up to date after domain reload: guid(ad402f78648da2543942ac459d856573) path("Packages/com.unity.xr.management/Editor/Metadata/KnownPackages.cs") state(2)
Script is not up to date after domain reload: guid(ec7cec788a6acc34594dfa5d408b60bc) path("Packages/com.valvesoftware.unity.openvr/Editor/OpenVRBuildProcessor.cs") state(2)
Script is not up to date after domain reload: guid(5a2a9c34df4095f47b9ca8f975175f5b) path("Packages/com.unity.xr.legacyinputhelpers/Runtime/TrackedPoseDriver/TrackedPoseDriver.cs") state(2)
Script is not up to date after domain reload: guid(3b45a81d07011564297a01edd9f8bbfb) path("Packages/com.unity.xr.management/Editor/AndroidManifest/IAndroidManifestRequirementProvider.cs") state(2)
Script is not up to date after domain reload: guid(4c8d99218e05134429b8aba5de6dc700) path("Packages/com.valvesoftware.unity.openvr/Runtime/openvr_api.cs") state(2)
Script is not up to date after domain reload: guid(b4b282a8df6f7e24cbe7c4866f7eb6f8) path("Packages/com.unity.xr.management/Tests/Editor/DomainReloadTests.cs") state(2)
Script is not up to date after domain reload: guid(fd661411ada16794aa7015ddf3778407) path("Packages/com.unity.xr.legacyinputhelpers/Editor/ArmModels/ArmModelEditor.cs") state(2)
Script is not up to date after domain reload: guid(83e5e574dc5d9854e9133734661c04de) path("Packages/com.unity.xr.management/Editor/XRBuildProcessorHelper.cs") state(2)
Script is not up to date after domain reload: guid(5685c6ec3d77efd409c20e6da27a4c72) path("Packages/com.valvesoftware.unity.openvr/Runtime/OpenVRLoader.cs") state(2)
Script is not up to date after domain reload: guid(7a32bfe54d957ec4581fa4a630f1647a) path("Packages/com.valvesoftware.unity.openvr/Runtime/OpenVRSettings.cs") state(2)
Script is not up to date after domain reload: guid(4f594677a2340704797934efc5ba0678) path("Packages/com.unity.xr.legacyinputhelpers/Editor/MenuUtils.cs") state(2)
Script is not up to date after domain reload: guid(4125b72fb8d964ddd9e2d704725a7cbc) path("Packages/com.unity.xr.management/Tests/Runtime/RuntimeTests.cs") state(2)
Script is not up to date after domain reload: guid(c0400e7689f207e4fb193f75c8ddf993) path("Packages/com.valvesoftware.unity.openvr/Runtime/x64/libopenvr_api.so") state(2)
Script is not up to date after domain reload: guid(f5020ebb9f8898c40a3b02af96a06b0a) path("Packages/com.unity.xr.management/Tests/Runtime/RuntimeLoaderTests.cs") state(2)
Script is not up to date after domain reload: guid(2950d57dafc0eed449fa54e88bc8146c) path("Packages/com.unity.xr.legacyinputhelpers/Runtime/ArmModels/SwingArmModel.cs") state(2)
Script is not up to date after domain reload: guid(7eb4dec25a44a6544a2981cc989b4d57) path("Packages/com.valvesoftware.unity.openvr/Editor/OpenVRSettingsEditor.cs") state(2)
Script is not up to date after domain reload: guid(fdb1d409e9083354e829d5669fe6f6ad) path("Packages/com.unity.xr.management/Runtime/IXRLoaderPreInit.cs") state(2)
Script is not up to date after domain reload: guid(013b7dbbc8ec54c4182940c05c060ee9) path("Packages/com.unity.xr.management/Tests/StandaloneSubsystem/StandaloneSubsystemDescriptor.cs") state(2)
Script is not up to date after domain reload: guid(65fe5cdf7c56dd54d9a7e049e172298d) path("Packages/com.valvesoftware.unity.openvr/Editor/OpenVRSettingsCopier.cs") state(2)
Script is not up to date after domain reload: guid(dcdda031281fc234cb5a16b47b11fbcb) path("Packages/com.valvesoftware.unity.openvr/Runtime/OpenVREvents.cs") state(2)
Script is not up to date after domain reload: guid(38ca4053ebf8da44daa4736081117489) path("Packages/com.unity.xr.management/Tests/TestPackage/Editor/TestPackageMetadata.cs") state(2)
Script is not up to date after domain reload: guid(a65c6d9b4fa97644c896e9382fe5226f) path("Packages/com.unity.xr.management/Runtime/XRManagementAnalytics.cs") state(2)
Script is not up to date after domain reload: guid(d4a6fc50e59fbc14ab1f849d70ba8ba9) path("Packages/com.unity.xr.management/Editor/Legacy/XRLegacyStandaloneSubsystem.cs") state(2)
Script is not up to date after domain reload: guid(15419879c32f35149b150d58e2d47a6f) path("Packages/com.unity.xr.management/Tests/TestPackage/Runtime/Constants.cs") state(2)
Refreshing native plugins compatible for Editor in 1.18 ms, found 3 plugins.
Preloading 0 native plugins for Editor in 0.00 ms.
Unloading 3300 Unused Serialized files (Serialized files now loaded: 0)
Unloading 32 unused Assets / (0.8 MB). Loaded Objects now: 3803.
Memory consumption went from 121.1 MB to 120.4 MB.
Total: 5.242200 ms (FindLiveObjects: 0.486400 ms CreateObjectMapping: 0.367100 ms MarkObjects: 3.866600 ms  DeleteObjects: 0.485200 ms)

AssetImportParameters requested are different than current active one (requested -> active):
  custom:video-decoder-ogg-theora: a1e56fd34408186e4bbccfd4996cb3dc -> 
  custom:container-muxer-webm: aa71ff27fc2769a1b78a27578f13a17b -> 
  custom:container-demuxer-webm: 4f35f7cbe854078d1ac9338744f61a02 -> 
  custom:video-encoder-webm-vp8: eb34c28f22e8b96e1ab97ce403110664 -> 
  custom:video-codec-MediaFoundation-h265: 746d11721c4dcdbdad8f713fa42b33f4 -> 
  custom:CustomObjectIndexerAttribute: bc11b3a6c3213fcdd17b65e7da85e133 -> 
  custom:audio-encoder-webm-vorbis: bf7c407c2cedff20999df2af8eb42d56 -> 
  custom:framework-win-MediaFoundation: 216162199b28c13a410421893ffa2e32 -> 
  custom:SearchIndexIgnoredProperties: e643bd26f0fe6173181afceb89e7c659 -> 
  custom:container-demuxer-ogg: 62fdf1f143b41e24485cea50d1cbac27 -> 
  custom:video-decoder-webm-vp8: 9c59270c3fd7afecdb556c50c9e8de78 -> 
  custom:audio-decoder-ogg-vorbis: bf7c407c2cedff20999df2af8eb42d56 -> 
========================================================================
Received Prepare
Registering precompiled user dll's ...
Registered in 0.004712 seconds.
Begin MonoManager ReloadAssembly
Native extension for WindowsStandalone target not found
Native extension for Android target not found
Refreshing native plugins compatible for Editor in 0.76 ms, found 6 plugins.
Preloading 0 native plugins for Editor in 0.00 ms.
[Package Manager] Server::EnsureServerProcessIsRunning -- launch failed, reason: Unity was launched with the -noUpm command-line argument
[Package Manager] Cannot connect to Unity Package Manager local server
[Package Manager] Server::EnsureServerProcessIsRunning -- launch failed, reason: Unity was launched with the -noUpm command-line argument
[Package Manager] Cannot connect to Unity Package Manager local server
Mono: successfully reloaded assembly
- Completed reload, in  1.339 seconds
Domain Reload Profiling:
	ReloadAssembly (1340ms)
		BeginReloadAssembly (150ms)
			ExecutionOrderSort (0ms)
			DisableScriptedObjects (5ms)
			BackupInstance (0ms)
			ReleaseScriptingObjects (0ms)
			CreateAndSetChildDomain (42ms)
		EndReloadAssembly (1101ms)
			LoadAssemblies (91ms)
			RebuildTransferFunctionScriptingTraits (0ms)
			SetupTypeCache (233ms)
			ReleaseScriptCaches (1ms)
			RebuildScriptCaches (45ms)
			SetupLoadedEditorAssemblies (715ms)
				LogAssemblyErrors (0ms)
				InitializePlatformSupportModulesInManaged (13ms)
				SetLoadedEditorAssemblies (0ms)
				RefreshPlugins (1ms)
				BeforeProcessingInitializeOnLoad (50ms)
				ProcessInitializeOnLoadAttributes (625ms)
				ProcessInitializeOnLoadMethodAttributes (20ms)
				AfterProcessingInitializeOnLoad (6ms)
				EditorAssembliesLoaded (0ms)
			ExecutionOrderSort2 (0ms)
			AwakeInstancesAfterBackupRestoration (5ms)
Platform modules already initialized, skipping
Refreshing native plugins compatible for Editor in 1.31 ms, found 6 plugins.
Preloading 0 native plugins for Editor in 0.00 ms.
Unloading 3400 Unused Serialized files (Serialized files now loaded: 0)
Unloading 33 unused Assets / (0.8 MB). Loaded Objects now: 3907.
Memory consumption went from 124.3 MB to 123.5 MB.
Total: 5.477500 ms (FindLiveObjects: 0.589100 ms CreateObjectMapping: 0.354300 ms MarkObjects: 3.998400 ms  DeleteObjects: 0.533800 ms)

AssetImportParameters requested are different than current active one (requested -> active):
  custom:video-decoder-ogg-theora: a1e56fd34408186e4bbccfd4996cb3dc -> 
  custom:container-muxer-webm: aa71ff27fc2769a1b78a27578f13a17b -> 
  custom:container-demuxer-webm: 4f35f7cbe854078d1ac9338744f61a02 -> 
  custom:video-encoder-webm-vp8: eb34c28f22e8b96e1ab97ce403110664 -> 
  custom:video-codec-MediaFoundation-h265: 746d11721c4dcdbdad8f713fa42b33f4 -> 
  custom:CustomObjectIndexerAttribute: bc11b3a6c3213fcdd17b65e7da85e133 -> 
  custom:audio-encoder-webm-vorbis: bf7c407c2cedff20999df2af8eb42d56 -> 
  custom:framework-win-MediaFoundation: 216162199b28c13a410421893ffa2e32 -> 
  custom:SearchIndexIgnoredProperties: e643bd26f0fe6173181afceb89e7c659 -> 
  custom:container-demuxer-ogg: 62fdf1f143b41e24485cea50d1cbac27 -> 
  custom:video-decoder-webm-vp8: 9c59270c3fd7afecdb556c50c9e8de78 -> 
  custom:audio-decoder-ogg-vorbis: bf7c407c2cedff20999df2af8eb42d56 -> 
========================================================================
Received Prepare
Registering precompiled user dll's ...
Registered in 0.007148 seconds.
Begin MonoManager ReloadAssembly
Native extension for WindowsStandalone target not found
Native extension for Android target not found
Refreshing native plugins compatible for Editor in 0.69 ms, found 6 plugins.
Preloading 0 native plugins for Editor in 0.00 ms.
[Package Manager] Server::EnsureServerProcessIsRunning -- launch failed, reason: Unity was launched with the -noUpm command-line argument
[Package Manager] Cannot connect to Unity Package Manager local server
[Package Manager] Server::EnsureServerProcessIsRunning -- launch failed, reason: Unity was launched with the -noUpm command-line argument
[Package Manager] Cannot connect to Unity Package Manager local server
[Package Manager] Server::EnsureServerProcessIsRunning -- launch failed, reason: Unity was launched with the -noUpm command-line argument
[Package Manager] Cannot connect to Unity Package Manager local server
[Package Manager] Server::EnsureServerProcessIsRunning -- launch failed, reason: Unity was launched with the -noUpm command-line argument
[Package Manager] Cannot connect to Unity Package Manager local server
Mono: successfully reloaded assembly
- Completed reload, in  1.223 seconds
Domain Reload Profiling:
	ReloadAssembly (1224ms)
		BeginReloadAssembly (125ms)
			ExecutionOrderSort (0ms)
			DisableScriptedObjects (4ms)
			BackupInstance (0ms)
			ReleaseScriptingObjects (0ms)
			CreateAndSetChildDomain (35ms)
		EndReloadAssembly (1029ms)
			LoadAssemblies (80ms)
			RebuildTransferFunctionScriptingTraits (0ms)
			SetupTypeCache (206ms)
			ReleaseScriptCaches (1ms)
			RebuildScriptCaches (34ms)
			SetupLoadedEditorAssemblies (692ms)
				LogAssemblyErrors (0ms)
				InitializePlatformSupportModulesInManaged (12ms)
				SetLoadedEditorAssemblies (0ms)
				RefreshPlugins (1ms)
				BeforeProcessingInitializeOnLoad (45ms)
				ProcessInitializeOnLoadAttributes (613ms)
				ProcessInitializeOnLoadMethodAttributes (18ms)
				AfterProcessingInitializeOnLoad (4ms)
				EditorAssembliesLoaded (0ms)
			ExecutionOrderSort2 (0ms)
			AwakeInstancesAfterBackupRestoration (5ms)
Platform modules already initialized, skipping
Refreshing native plugins compatible for Editor in 1.18 ms, found 6 plugins.
Preloading 0 native plugins for Editor in 0.00 ms.
Unloading 3390 Unused Serialized files (Serialized files now loaded: 0)
Unloading 36 unused Assets / (0.8 MB). Loaded Objects now: 3909.
Memory consumption went from 124.0 MB to 123.3 MB.
Total: 4.883200 ms (FindLiveObjects: 0.478800 ms CreateObjectMapping: 0.161700 ms MarkObjects: 3.717500 ms  DeleteObjects: 0.523800 ms)

AssetImportParameters requested are different than current active one (requested -> active):
  custom:video-decoder-ogg-theora: a1e56fd34408186e4bbccfd4996cb3dc -> 
  custom:container-muxer-webm: aa71ff27fc2769a1b78a27578f13a17b -> 
  custom:container-demuxer-webm: 4f35f7cbe854078d1ac9338744f61a02 -> 
  custom:video-encoder-webm-vp8: eb34c28f22e8b96e1ab97ce403110664 -> 
  custom:video-codec-MediaFoundation-h265: 746d11721c4dcdbdad8f713fa42b33f4 -> 
  custom:CustomObjectIndexerAttribute: bc11b3a6c3213fcdd17b65e7da85e133 -> 
  custom:audio-encoder-webm-vorbis: bf7c407c2cedff20999df2af8eb42d56 -> 
  custom:framework-win-MediaFoundation: 216162199b28c13a410421893ffa2e32 -> 
  custom:SearchIndexIgnoredProperties: e643bd26f0fe6173181afceb89e7c659 -> 
  custom:container-demuxer-ogg: 62fdf1f143b41e24485cea50d1cbac27 -> 
  custom:video-decoder-webm-vp8: 9c59270c3fd7afecdb556c50c9e8de78 -> 
  custom:audio-decoder-ogg-vorbis: bf7c407c2cedff20999df2af8eb42d56 -> 
========================================================================
Received Import Request.
  Time since last request: 212.885031 seconds.
  path: Assets/SteamVR/InteractionSystem/Samples/JoeJeff/Textures/PlatformController_PController_AlbedoTransparency.png
  artifactKey: Guid(5507e8f20e632b845b4aea2c27a0c225) Importer(815301076,1909f56bfc062723c751e8b465ee728b)
Number of updated assets reloaded before import = 0
Start importing Assets/SteamVR/InteractionSystem/Samples/JoeJeff/Textures/PlatformController_PController_AlbedoTransparency.png using Guid(5507e8f20e632b845b4aea2c27a0c225) Importer(815301076,1909f56bfc062723c751e8b465ee728b)  -> (artifact id: '0391922e352a6718367d1879f38a4773') in 0.096491 seconds 
Number of asset objects unloaded after import = 2
========================================================================
Received Import Request.
  Time since last request: 0.000020 seconds.
  path: Assets/SteamVR/InteractionSystem/Teleport/Materials URP/URPTeleportPlayspaceVisualize.mat
  artifactKey: Guid(ced2760f8133c2743a275ba997adc9db) Importer(815301076,1909f56bfc062723c751e8b465ee728b)
Number of updated assets reloaded before import = 0
Start importing Assets/SteamVR/InteractionSystem/Teleport/Materials URP/URPTeleportPlayspaceVisualize.mat using Guid(ced2760f8133c2743a275ba997adc9db) Importer(815301076,1909f56bfc062723c751e8b465ee728b)  -> (artifact id: 'b5335bedc58cd5ad9e9aabb060a4d297') in 0.026956 seconds 
Number of asset objects unloaded after import = 2
========================================================================
Received Import Request.
  Time since last request: 0.000023 seconds.
  path: Assets/SteamVR/InteractionSystem/Teleport/Models/TeleportPlayAreaPieces.fbx
  artifactKey: Guid(c7aaa47f2514a5141970781d595e76a9) Importer(815301076,1909f56bfc062723c751e8b465ee728b)
Number of updated assets reloaded before import = 0
Start importing Assets/SteamVR/InteractionSystem/Teleport/Models/TeleportPlayAreaPieces.fbx using Guid(c7aaa47f2514a5141970781d595e76a9) Importer(815301076,1909f56bfc062723c751e8b465ee728b)  -> (artifact id: 'bfa2c1923abebd5b1d85edd5c3979484') in 0.055504 seconds 
Number of asset objects unloaded after import = 14
========================================================================
Received Import Request.
  Time since last request: 0.000017 seconds.
  path: Assets/SteamVR/InteractionSystem/Samples/JoeJeff/Textures/PlatformController_PController_Normal.png
  artifactKey: Guid(531b4709e0c844a4ea44d140478c731f) Importer(815301076,1909f56bfc062723c751e8b465ee728b)
Number of updated assets reloaded before import = 0
Start importing Assets/SteamVR/InteractionSystem/Samples/JoeJeff/Textures/PlatformController_PController_Normal.png using Guid(531b4709e0c844a4ea44d140478c731f) Importer(815301076,1909f56bfc062723c751e8b465ee728b)  -> (artifact id: '719ca1ad79c852295d89fb3118a4e573') in 0.013290 seconds 
Number of asset objects unloaded after import = 2
========================================================================
Received Import Request.
  Time since last request: 0.000025 seconds.
  path: Assets/SteamVR/InteractionSystem/Teleport/Materials/TeleportPlayspaceVisualize.mat
  artifactKey: Guid(e070196015a41bc419ea9e03ba170df5) Importer(815301076,1909f56bfc062723c751e8b465ee728b)
Number of updated assets reloaded before import = 0
Start importing Assets/SteamVR/InteractionSystem/Teleport/Materials/TeleportPlayspaceVisualize.mat using Guid(e070196015a41bc419ea9e03ba170df5) Importer(815301076,1909f56bfc062723c751e8b465ee728b)  -> (artifact id: '330765cb451894e90e7d3fa13d52dde4') in 0.029262 seconds 
Number of asset objects unloaded after import = 2
========================================================================
Received Import Request.
  Time since last request: 0.000014 seconds.
  path: Assets/SteamVR/InteractionSystem/Teleport/Materials URP/URPTeleportPlaySpace.mat
  artifactKey: Guid(1d3d8159663c8c94cbf05cd6b9d686b6) Importer(815301076,1909f56bfc062723c751e8b465ee728b)
Number of updated assets reloaded before import = 0
Start importing Assets/SteamVR/InteractionSystem/Teleport/Materials URP/URPTeleportPlaySpace.mat using Guid(1d3d8159663c8c94cbf05cd6b9d686b6) Importer(815301076,1909f56bfc062723c751e8b465ee728b)  -> (artifact id: '6ee47ccc927f89c278c24a16f956675f') in 0.007418 seconds 
Number of asset objects unloaded after import = 1
========================================================================
Received Import Request.
  Time since last request: 0.000019 seconds.
  path: Assets/SteamVR/InteractionSystem/Samples/JoeJeff/Materials/Platformer.mat
  artifactKey: Guid(622239b2608324a43ad125e8ed14becc) Importer(815301076,1909f56bfc062723c751e8b465ee728b)
Number of updated assets reloaded before import = 0
Start importing Assets/SteamVR/InteractionSystem/Samples/JoeJeff/Materials/Platformer.mat using Guid(622239b2608324a43ad125e8ed14becc) Importer(815301076,1909f56bfc062723c751e8b465ee728b)  -> (artifact id: '0d76265123ce9c703676f7fb557db38f') in 0.189136 seconds 
Number of asset objects unloaded after import = 3
========================================================================
Received Import Request.
  Time since last request: 57.733918 seconds.
  path: Assets/SteamVR/Models/vr_alien_hand.fbx
  artifactKey: Guid(35bf13fffe3e1b54b9be7cf6d9808f97) Importer(815301076,1909f56bfc062723c751e8b465ee728b)
Number of updated assets reloaded before import = 0
Start importing Assets/SteamVR/Models/vr_alien_hand.fbx using Guid(35bf13fffe3e1b54b9be7cf6d9808f97) Importer(815301076,1909f56bfc062723c751e8b465ee728b)  -> (artifact id: 'b8c26a86c1cfbe415ed7d809a123651d') in 0.094626 seconds 
Number of asset objects unloaded after import = 64
========================================================================
Received Import Request.
  Time since last request: 0.000017 seconds.
  path: Assets/SteamVR/Models/vr_glove_model.fbx
  artifactKey: Guid(02d2c3f5b5ca1014c8fb700e729167ae) Importer(815301076,1909f56bfc062723c751e8b465ee728b)
Number of updated assets reloaded before import = 0
Start importing Assets/SteamVR/Models/vr_glove_model.fbx using Guid(02d2c3f5b5ca1014c8fb700e729167ae) Importer(815301076,1909f56bfc062723c751e8b465ee728b)  -> (artifact id: 'c6ebd73cc203df25b8cf5ce275112c05') in 0.172024 seconds 
Number of asset objects unloaded after import = 75
========================================================================
Received Import Request.
  Time since last request: 0.000021 seconds.
  path: Assets/SteamVR/Models/vr_hand_grabposes.fbx
  artifactKey: Guid(5b1b3324d9af1db498a8cb294cc8d274) Importer(815301076,1909f56bfc062723c751e8b465ee728b)
Number of updated assets reloaded before import = 0
Start importing Assets/SteamVR/Models/vr_hand_grabposes.fbx using Guid(5b1b3324d9af1db498a8cb294cc8d274) Importer(815301076,1909f56bfc062723c751e8b465ee728b)  -> (artifact id: 'd88548021ab0d39cd4edb6d65219f025') in 0.029787 seconds 
Number of asset objects unloaded after import = 103
========================================================================
Received Import Request.
  Time since last request: 5.214581 seconds.
  path: Assets/SteamVR/Models/Materials/AlienHand.mat
  artifactKey: Guid(ceb48f72b3325c74e95838fb760d0ab0) Importer(815301076,1909f56bfc062723c751e8b465ee728b)
Number of updated assets reloaded before import = 0
Start importing Assets/SteamVR/Models/Materials/AlienHand.mat using Guid(ceb48f72b3325c74e95838fb760d0ab0) Importer(815301076,1909f56bfc062723c751e8b465ee728b)  -> (artifact id: 'f99185852dc76422e06df9be639db131') in 0.011621 seconds 
Number of asset objects unloaded after import = 4
========================================================================
Received Import Request.
  Time since last request: 0.000015 seconds.
  path: Assets/SteamVR/Models/Materials/models_hands_vr_glove.vmat.mat
  artifactKey: Guid(fad1eadf5b103e94ebbe02490afe0503) Importer(815301076,1909f56bfc062723c751e8b465ee728b)
Number of updated assets reloaded before import = 0
Start importing Assets/SteamVR/Models/Materials/models_hands_vr_glove.vmat.mat using Guid(fad1eadf5b103e94ebbe02490afe0503) Importer(815301076,1909f56bfc062723c751e8b465ee728b)  -> (artifact id: '8077bc6cba27e23834a329ed77de9dab') in 0.036156 seconds 
Number of asset objects unloaded after import = 1
========================================================================
Received Import Request.
  Time since last request: 0.000015 seconds.
  path: Assets/SteamVR/Models/Materials/AlienHand_Normal.png
  artifactKey: Guid(c895ac09c5f562b4798e88828f61e812) Importer(815301076,1909f56bfc062723c751e8b465ee728b)
Number of updated assets reloaded before import = 0
Start importing Assets/SteamVR/Models/Materials/AlienHand_Normal.png using Guid(c895ac09c5f562b4798e88828f61e812) Importer(815301076,1909f56bfc062723c751e8b465ee728b)  -> (artifact id: '24e65bc5b23a337b4b96e49f9729c6b2') in 0.009692 seconds 
Number of asset objects unloaded after import = 2
========================================================================
Received Import Request.
  Time since last request: 0.000056 seconds.
  path: Assets/SteamVR/Models/Materials/floppyHand Emit.png
  artifactKey: Guid(666af8d433621574ea153b525fceae88) Importer(815301076,1909f56bfc062723c751e8b465ee728b)
Number of updated assets reloaded before import = 0
Start importing Assets/SteamVR/Models/Materials/floppyHand Emit.png using Guid(666af8d433621574ea153b525fceae88) Importer(815301076,1909f56bfc062723c751e8b465ee728b)  -> (artifact id: 'e9dd469ebea4360a753e1b7484d506fe') in 0.006267 seconds 
Number of asset objects unloaded after import = 2
========================================================================
Received Import Request.
  Time since last request: 0.000023 seconds.
  path: Assets/SteamVR/Models/Materials/vr_glove_color.mat
  artifactKey: Guid(cbe636ca800df264c9fb91dc95fbd9e0) Importer(815301076,1909f56bfc062723c751e8b465ee728b)
Number of updated assets reloaded before import = 0
Start importing Assets/SteamVR/Models/Materials/vr_glove_color.mat using Guid(cbe636ca800df264c9fb91dc95fbd9e0) Importer(815301076,1909f56bfc062723c751e8b465ee728b)  -> (artifact id: 'e73e4cbdc1744ea72234181eb297224c') in 0.008341 seconds 
Number of asset objects unloaded after import = 3
========================================================================
Received Import Request.
  Time since last request: 0.000017 seconds.
  path: Assets/SteamVR/Models/Materials/vr_glove_color_red.mat
  artifactKey: Guid(8f32b3d74401443479c643e48c21915a) Importer(815301076,1909f56bfc062723c751e8b465ee728b)
Number of updated assets reloaded before import = 0
Start importing Assets/SteamVR/Models/Materials/vr_glove_color_red.mat using Guid(8f32b3d74401443479c643e48c21915a) Importer(815301076,1909f56bfc062723c751e8b465ee728b)  -> (artifact id: '42202aa5e1e28358c2ff698f951b5ce6') in 0.007474 seconds 
Number of asset objects unloaded after import = 3
========================================================================
Received Import Request.
  Time since last request: 34.671889 seconds.
  path: Packages/com.unity.textmeshpro/Editor Resources/Textures/btn_AlignCapLine_Light.psd
  artifactKey: Guid(49679f302ac6408697f6b9314a38985c) Importer(815301076,1909f56bfc062723c751e8b465ee728b)
Number of updated assets reloaded before import = 0
Start importing Packages/com.unity.textmeshpro/Editor Resources/Textures/btn_AlignCapLine_Light.psd using Guid(49679f302ac6408697f6b9314a38985c) Importer(815301076,1909f56bfc062723c751e8b465ee728b)  -> (artifact id: 'ed705abbfff6381ad6fa7add99a0a73c') in 0.011923 seconds 
Number of asset objects unloaded after import = 2
========================================================================
Received Import Request.
  Time since last request: 0.000014 seconds.
  path: Packages/com.unity.collab-proxy/Editor/PlasticSCM/Assets/Images/d_iconplasticnotifyincoming@2x.png
  artifactKey: Guid(c5fc116b3271b5947808130b2212cd60) Importer(815301076,1909f56bfc062723c751e8b465ee728b)
Number of updated assets reloaded before import = 0
Start importing Packages/com.unity.collab-proxy/Editor/PlasticSCM/Assets/Images/d_iconplasticnotifyincoming@2x.png using Guid(c5fc116b3271b5947808130b2212cd60) Importer(815301076,1909f56bfc062723c751e8b465ee728b)  -> (artifact id: '2e9c6602511a9f641cbc00831289620e') in 0.067553 seconds 
Number of asset objects unloaded after import = 2
========================================================================
Received Import Request.
  Time since last request: 0.184407 seconds.
  path: Packages/com.unity.collab-proxy/Editor/PlasticSCM/Assets/Images/d_iconplasticview@2x.png
  artifactKey: Guid(3168140d6f409d0448447f18568d9482) Importer(815301076,1909f56bfc062723c751e8b465ee728b)
Number of updated assets reloaded before import = 0
Start importing Packages/com.unity.collab-proxy/Editor/PlasticSCM/Assets/Images/d_iconplasticview@2x.png using Guid(3168140d6f409d0448447f18568d9482) Importer(815301076,1909f56bfc062723c751e8b465ee728b)  -> (artifact id: '27dc0874215c1a618556c5fa5cfa1d92') in 0.005945 seconds 
Number of asset objects unloaded after import = 2
========================================================================
Received Import Request.
  Time since last request: 0.000021 seconds.
  path: Packages/com.unity.collab-proxy/Editor/PlasticSCM/Assets/Styles/DownloadPlasticExeDialog.uss
  artifactKey: Guid(3073089003718474ab284d743790fbb2) Importer(815301076,1909f56bfc062723c751e8b465ee728b)
Number of updated assets reloaded before import = 0
Start importing Packages/com.unity.collab-proxy/Editor/PlasticSCM/Assets/Styles/DownloadPlasticExeDialog.uss using Guid(3073089003718474ab284d743790fbb2) Importer(815301076,1909f56bfc062723c751e8b465ee728b)  -> (artifact id: '1d4141d52a490ef034e6ac4fe3bf66c1') in 0.009754 seconds 
Number of asset objects unloaded after import = 2
========================================================================
Received Import Request.
  Time since last request: 0.000015 seconds.
  path: Packages/com.unity.collab-proxy/Editor/PlasticSCM/Assets/Images/iconplasticview.png
  artifactKey: Guid(dcb2ee37925b97e438ae244996d81a55) Importer(815301076,1909f56bfc062723c751e8b465ee728b)
Number of updated assets reloaded before import = 0
Start importing Packages/com.unity.collab-proxy/Editor/PlasticSCM/Assets/Images/iconplasticview.png using Guid(dcb2ee37925b97e438ae244996d81a55) Importer(815301076,1909f56bfc062723c751e8b465ee728b)  -> (artifact id: 'abd5f5efb82d50801f4080f5784fbf71') in 0.005631 seconds 
Number of asset objects unloaded after import = 2
========================================================================
Received Import Request.
  Time since last request: 0.000017 seconds.
  path: Packages/com.unity.collab-proxy/Editor/PlasticSCM/Assets/Images/iconplasticview@2x.png
  artifactKey: Guid(97a4e2b6ae08b1140a5ba9e22953e029) Importer(815301076,1909f56bfc062723c751e8b465ee728b)
Number of updated assets reloaded before import = 0
Start importing Packages/com.unity.collab-proxy/Editor/PlasticSCM/Assets/Images/iconplasticview@2x.png using Guid(97a4e2b6ae08b1140a5ba9e22953e029) Importer(815301076,1909f56bfc062723c751e8b465ee728b)  -> (artifact id: '1cdf7e28c473d1c326640c7651ad2954') in 0.005969 seconds 
Number of asset objects unloaded after import = 2
========================================================================
Received Prepare
Registering precompiled user dll's ...
Registered in 0.003706 seconds.
Begin MonoManager ReloadAssembly
Native extension for WindowsStandalone target not found
Native extension for Android target not found
Refreshing native plugins compatible for Editor in 0.74 ms, found 6 plugins.
Preloading 0 native plugins for Editor in 0.00 ms.
[Package Manager] Server::EnsureServerProcessIsRunning -- launch failed, reason: Unity was launched with the -noUpm command-line argument
[Package Manager] Cannot connect to Unity Package Manager local server
[Package Manager] Server::EnsureServerProcessIsRunning -- launch failed, reason: Unity was launched with the -noUpm command-line argument
[Package Manager] Cannot connect to Unity Package Manager local server
[Package Manager] Server::EnsureServerProcessIsRunning -- launch failed, reason: Unity was launched with the -noUpm command-line argument
[Package Manager] Cannot connect to Unity Package Manager local server
Mono: successfully reloaded assembly
- Completed reload, in  1.348 seconds
Domain Reload Profiling:
	ReloadAssembly (1349ms)
		BeginReloadAssembly (133ms)
			ExecutionOrderSort (0ms)
			DisableScriptedObjects (4ms)
			BackupInstance (0ms)
			ReleaseScriptingObjects (0ms)
			CreateAndSetChildDomain (38ms)
		EndReloadAssembly (1137ms)
			LoadAssemblies (84ms)
			RebuildTransferFunctionScriptingTraits (0ms)
			SetupTypeCache (226ms)
			ReleaseScriptCaches (1ms)
			RebuildScriptCaches (35ms)
			SetupLoadedEditorAssemblies (774ms)
				LogAssemblyErrors (0ms)
				InitializePlatformSupportModulesInManaged (12ms)
				SetLoadedEditorAssemblies (0ms)
				RefreshPlugins (1ms)
				BeforeProcessingInitializeOnLoad (47ms)
				ProcessInitializeOnLoadAttributes (686ms)
				ProcessInitializeOnLoadMethodAttributes (22ms)
				AfterProcessingInitializeOnLoad (6ms)
				EditorAssembliesLoaded (0ms)
			ExecutionOrderSort2 (0ms)
			AwakeInstancesAfterBackupRestoration (6ms)
Platform modules already initialized, skipping
Refreshing native plugins compatible for Editor in 1.57 ms, found 6 plugins.
Preloading 0 native plugins for Editor in 0.00 ms.
Unloading 3390 Unused Serialized files (Serialized files now loaded: 0)
Unloading 34 unused Assets / (0.8 MB). Loaded Objects now: 3921.
Memory consumption went from 137.1 MB to 136.4 MB.
Total: 5.941000 ms (FindLiveObjects: 0.484200 ms CreateObjectMapping: 0.435200 ms MarkObjects: 4.412400 ms  DeleteObjects: 0.608000 ms)

AssetImportParameters requested are different than current active one (requested -> active):
  custom:video-decoder-ogg-theora: a1e56fd34408186e4bbccfd4996cb3dc -> 
  custom:container-muxer-webm: aa71ff27fc2769a1b78a27578f13a17b -> 
  custom:container-demuxer-webm: 4f35f7cbe854078d1ac9338744f61a02 -> 
  custom:video-encoder-webm-vp8: eb34c28f22e8b96e1ab97ce403110664 -> 
  custom:video-codec-MediaFoundation-h265: 746d11721c4dcdbdad8f713fa42b33f4 -> 
  custom:CustomObjectIndexerAttribute: bc11b3a6c3213fcdd17b65e7da85e133 -> 
  custom:audio-encoder-webm-vorbis: bf7c407c2cedff20999df2af8eb42d56 -> 
  custom:framework-win-MediaFoundation: 216162199b28c13a410421893ffa2e32 -> 
  custom:SearchIndexIgnoredProperties: e643bd26f0fe6173181afceb89e7c659 -> 
  custom:container-demuxer-ogg: 62fdf1f143b41e24485cea50d1cbac27 -> 
  custom:video-decoder-webm-vp8: 9c59270c3fd7afecdb556c50c9e8de78 -> 
  custom:audio-decoder-ogg-vorbis: bf7c407c2cedff20999df2af8eb42d56 -> 
========================================================================
Received Import Request.
  Time since last request: 41.319452 seconds.
  path: Assets/SteamVR/InteractionSystem/Samples/BuggyBuddy/Textures/Buggy_LO_Buggy_MetallicSmoothness.png
  artifactKey: Guid(a918aa40491fd4848ad52fc1accf4a80) Importer(815301076,1909f56bfc062723c751e8b465ee728b)
Number of updated assets reloaded before import = 0
Start importing Assets/SteamVR/InteractionSystem/Samples/BuggyBuddy/Textures/Buggy_LO_Buggy_MetallicSmoothness.png using Guid(a918aa40491fd4848ad52fc1accf4a80) Importer(815301076,1909f56bfc062723c751e8b465ee728b)  -> (artifact id: 'feadeb1237bfd63788f4d907ccd15da0') in 0.047813 seconds 
Number of asset objects unloaded after import = 2
========================================================================
Received Import Request.
  Time since last request: 0.000033 seconds.
  path: Assets/SteamVR/InteractionSystem/Hints/Materials/ControllerTextHintAnchor.mat
  artifactKey: Guid(7f08f06256ab27b4cb9eb0b41831a69f) Importer(815301076,1909f56bfc062723c751e8b465ee728b)
Number of updated assets reloaded before import = 0
Start importing Assets/SteamVR/InteractionSystem/Hints/Materials/ControllerTextHintAnchor.mat using Guid(7f08f06256ab27b4cb9eb0b41831a69f) Importer(815301076,1909f56bfc062723c751e8b465ee728b)  -> (artifact id: '3027ec3f9aebdc5744beb2e9f17137c2') in 0.051297 seconds 
Number of asset objects unloaded after import = 1
========================================================================
Received Import Request.
  Time since last request: 1.580281 seconds.
  path: Assets/SteamVR/InteractionSystem/Samples/Prefabs/ModalThrowable.prefab
  artifactKey: Guid(8ef7df74839e54a4d84fc052b94e2fdd) Importer(815301076,1909f56bfc062723c751e8b465ee728b)
Number of updated assets reloaded before import = 0
Start importing Assets/SteamVR/InteractionSystem/Samples/Prefabs/ModalThrowable.prefab using Guid(8ef7df74839e54a4d84fc052b94e2fdd) Importer(815301076,1909f56bfc062723c751e8b465ee728b)  -> (artifact id: '45ec79e7b23e6f4923c3f57a4e9cfca2') in 0.037333 seconds 
Number of asset objects unloaded after import = 134
========================================================================
Received Import Request.
  Time since last request: 0.000020 seconds.
  path: Assets/SteamVR/InteractionSystem/Samples/Materials/ThrowingTarget.mat
  artifactKey: Guid(374354984cbc08b47ba979c830d8e59d) Importer(815301076,1909f56bfc062723c751e8b465ee728b)
Number of updated assets reloaded before import = 0
Start importing Assets/SteamVR/InteractionSystem/Samples/Materials/ThrowingTarget.mat using Guid(374354984cbc08b47ba979c830d8e59d) Importer(815301076,1909f56bfc062723c751e8b465ee728b)  -> (artifact id: 'df09a34a6380e7545b1f84f1d4e535fa') in 0.012787 seconds 
Number of asset objects unloaded after import = 4
========================================================================
Received Prepare
Registering precompiled user dll's ...
Registered in 0.004116 seconds.
Begin MonoManager ReloadAssembly
Native extension for WindowsStandalone target not found
Native extension for Android target not found
Refreshing native plugins compatible for Editor in 0.69 ms, found 6 plugins.
Preloading 0 native plugins for Editor in 0.00 ms.
[Package Manager] Server::EnsureServerProcessIsRunning -- launch failed, reason: Unity was launched with the -noUpm command-line argument
[Package Manager] Cannot connect to Unity Package Manager local server
[Package Manager] Server::EnsureServerProcessIsRunning -- launch failed, reason: Unity was launched with the -noUpm command-line argument
[Package Manager] Cannot connect to Unity Package Manager local server
[Package Manager] Server::EnsureServerProcessIsRunning -- launch failed, reason: Unity was launched with the -noUpm command-line argument
[Package Manager] Cannot connect to Unity Package Manager local server
Mono: successfully reloaded assembly
- Completed reload, in  1.336 seconds
Domain Reload Profiling:
	ReloadAssembly (1336ms)
		BeginReloadAssembly (142ms)
			ExecutionOrderSort (0ms)
			DisableScriptedObjects (4ms)
			BackupInstance (0ms)
			ReleaseScriptingObjects (0ms)
			CreateAndSetChildDomain (42ms)
		EndReloadAssembly (1116ms)
			LoadAssemblies (87ms)
			RebuildTransferFunctionScriptingTraits (0ms)
			SetupTypeCache (223ms)
			ReleaseScriptCaches (1ms)
			RebuildScriptCaches (38ms)
			SetupLoadedEditorAssemblies (753ms)
				LogAssemblyErrors (0ms)
				InitializePlatformSupportModulesInManaged (12ms)
				SetLoadedEditorAssemblies (0ms)
				RefreshPlugins (1ms)
				BeforeProcessingInitializeOnLoad (49ms)
				ProcessInitializeOnLoadAttributes (665ms)
				ProcessInitializeOnLoadMethodAttributes (21ms)
				AfterProcessingInitializeOnLoad (4ms)
				EditorAssembliesLoaded (0ms)
			ExecutionOrderSort2 (0ms)
			AwakeInstancesAfterBackupRestoration (6ms)
Platform modules already initialized, skipping
Refreshing native plugins compatible for Editor in 1.39 ms, found 6 plugins.
Preloading 0 native plugins for Editor in 0.00 ms.
Unloading 3390 Unused Serialized files (Serialized files now loaded: 0)
Unloading 35 unused Assets / (0.8 MB). Loaded Objects now: 3926.
Memory consumption went from 137.4 MB to 136.5 MB.
Total: 5.570600 ms (FindLiveObjects: 0.546700 ms CreateObjectMapping: 0.274500 ms MarkObjects: 3.987600 ms  DeleteObjects: 0.760400 ms)

AssetImportParameters requested are different than current active one (requested -> active):
  custom:video-decoder-ogg-theora: a1e56fd34408186e4bbccfd4996cb3dc -> 
  custom:container-muxer-webm: aa71ff27fc2769a1b78a27578f13a17b -> 
  custom:container-demuxer-webm: 4f35f7cbe854078d1ac9338744f61a02 -> 
  custom:video-encoder-webm-vp8: eb34c28f22e8b96e1ab97ce403110664 -> 
  custom:video-codec-MediaFoundation-h265: 746d11721c4dcdbdad8f713fa42b33f4 -> 
  custom:CustomObjectIndexerAttribute: bc11b3a6c3213fcdd17b65e7da85e133 -> 
  custom:audio-encoder-webm-vorbis: bf7c407c2cedff20999df2af8eb42d56 -> 
  custom:framework-win-MediaFoundation: 216162199b28c13a410421893ffa2e32 -> 
  custom:SearchIndexIgnoredProperties: e643bd26f0fe6173181afceb89e7c659 -> 
  custom:container-demuxer-ogg: 62fdf1f143b41e24485cea50d1cbac27 -> 
  custom:video-decoder-webm-vp8: 9c59270c3fd7afecdb556c50c9e8de78 -> 
  custom:audio-decoder-ogg-vorbis: bf7c407c2cedff20999df2af8eb42d56 -> 
Editor requested this worker to shutdown with reason: Scaling down because of idle timeout
AssetImportWorker is now disconnected from the server
Process exiting
Exiting without the bug reporter. Application will terminate with return code 0