Using pre-set license
Built from '2021.3/staging' branch; Version is '2021.3.45f1 (0da89fac8e79) revision 895135'; Using compiler version '192829333'; Build Type 'Release'
OS: 'Windows 11  (10.0.26100) 64bit Professional' Language: 'ru' Physical Memory: 15571 MB
BatchMode: 1, IsHumanControllingUs: 0, StartBugReporterOnCrash: 0, Is64bit: 1, IsPro: 1

COMMAND LINE ARGUMENTS:
C:\Program Files\Unity\Hub\Editor\2021.3.45f1\Editor\Unity.exe
-adb2
-batchMode
-noUpm
-name
AssetImportWorker0
-projectPath
C:/Projects/VR/VR_project/VR_project
-logFile
Logs/AssetImportWorker0.log
-srvPort
63035
Successfully changed project path to: C:/Projects/VR/VR_project/VR_project
C:/Projects/VR/VR_project/VR_project
[UnityMemory] Configuration Parameters - Can be set up in boot.config
    "memorysetup-bucket-allocator-granularity=16"
    "memorysetup-bucket-allocator-bucket-count=8"
    "memorysetup-bucket-allocator-block-size=33554432"
    "memorysetup-bucket-allocator-block-count=8"
    "memorysetup-main-allocator-block-size=16777216"
    "memorysetup-thread-allocator-block-size=16777216"
    "memorysetup-gfx-main-allocator-block-size=16777216"
    "memorysetup-gfx-thread-allocator-block-size=16777216"
    "memorysetup-cache-allocator-block-size=4194304"
    "memorysetup-typetree-allocator-block-size=2097152"
    "memorysetup-profiler-bucket-allocator-granularity=16"
    "memorysetup-profiler-bucket-allocator-bucket-count=8"
    "memorysetup-profiler-bucket-allocator-block-size=33554432"
    "memorysetup-profiler-bucket-allocator-block-count=8"
    "memorysetup-profiler-allocator-block-size=16777216"
    "memorysetup-profiler-editor-allocator-block-size=1048576"
    "memorysetup-temp-allocator-size-main=16777216"
    "memorysetup-job-temp-allocator-block-size=2097152"
    "memorysetup-job-temp-allocator-block-size-background=1048576"
    "memorysetup-job-temp-allocator-reduction-small-platforms=262144"
    "memorysetup-temp-allocator-size-background-worker=32768"
    "memorysetup-temp-allocator-size-job-worker=262144"
    "memorysetup-temp-allocator-size-preload-manager=33554432"
    "memorysetup-temp-allocator-size-nav-mesh-worker=65536"
    "memorysetup-temp-allocator-size-audio-worker=65536"
    "memorysetup-temp-allocator-size-cloud-worker=32768"
    "memorysetup-temp-allocator-size-gi-baking-worker=262144"
    "memorysetup-temp-allocator-size-gfx=262144"
Player connection [12500] Host "[IP] 192.168.56.1 [Port] 0 [Flags] 2 [Guid] 59170891 [EditorId] 59170891 [Version] 1048832 [Id] WindowsEditor(7,MSI-Nout) [Debug] 1 [PackageName] WindowsEditor [ProjectName] Editor" joined multi-casting on [225.0.0.222:54997]...

Player connection [12500] Host "[IP] 192.168.56.1 [Port] 0 [Flags] 2 [Guid] 59170891 [EditorId] 59170891 [Version] 1048832 [Id] WindowsEditor(7,MSI-Nout) [Debug] 1 [PackageName] WindowsEditor [ProjectName] Editor" joined alternative multi-casting on [225.0.0.222:34997]...

[Physics::Module] Initialized MultithreadedJobDispatcher with {0} workers.
Refreshing native plugins compatible for Editor in 59.75 ms, found 12 plugins.
Preloading 0 native plugins for Editor in 0.00 ms.
Initialize engine version: 2021.3.45f1 (0da89fac8e79)
[Subsystems] Discovering subsystems at path C:/Program Files/Unity/Hub/Editor/2021.3.45f1/Editor/Data/Resources/UnitySubsystems
[Subsystems] Discovering subsystems at path C:/Projects/VR/VR_project/VR_project/Assets
GfxDevice: creating device client; threaded=0; jobified=0
Direct3D:
    Version:  Direct3D 11.0 [level 11.1]
    Renderer: NVIDIA GeForce RTX 4060 Laptop GPU (ID=0x28a0)
    Vendor:   NVIDIA
    VRAM:     7957 MB
    Driver:   32.0.15.7602
Initialize mono
Mono path[0] = 'C:/Program Files/Unity/Hub/Editor/2021.3.45f1/Editor/Data/Managed'
Mono path[1] = 'C:/Program Files/Unity/Hub/Editor/2021.3.45f1/Editor/Data/MonoBleedingEdge/lib/mono/unityjit-win32'
Mono config path = 'C:/Program Files/Unity/Hub/Editor/2021.3.45f1/Editor/Data/MonoBleedingEdge/etc'
Using monoOptions --debugger-agent=transport=dt_socket,embedding=1,server=y,suspend=n,address=127.0.0.1:56972
Begin MonoManager ReloadAssembly
Registering precompiled unity dll's ...
Register platform support module: C:/Program Files/Unity/Hub/Editor/2021.3.45f1/Editor/Data/PlaybackEngines/AndroidPlayer/UnityEditor.Android.Extensions.dll
Register platform support module: C:/Program Files/Unity/Hub/Editor/2021.3.45f1/Editor/Data/PlaybackEngines/WindowsStandaloneSupport/UnityEditor.WindowsStandalone.Extensions.dll
Registered in 0.004193 seconds.
Native extension for WindowsStandalone target not found
Native extension for Android target not found
Android Extension - Scanning For ADB Devices 194 ms
Refreshing native plugins compatible for Editor in 94.68 ms, found 12 plugins.
Preloading 0 native plugins for Editor in 0.00 ms.
Mono: successfully reloaded assembly
- Completed reload, in  0.806 seconds
Domain Reload Profiling:
	ReloadAssembly (807ms)
		BeginReloadAssembly (73ms)
			ExecutionOrderSort (0ms)
			DisableScriptedObjects (0ms)
			BackupInstance (0ms)
			ReleaseScriptingObjects (0ms)
			CreateAndSetChildDomain (1ms)
		EndReloadAssembly (661ms)
			LoadAssemblies (71ms)
			RebuildTransferFunctionScriptingTraits (0ms)
			SetupTypeCache (80ms)
			ReleaseScriptCaches (0ms)
			RebuildScriptCaches (23ms)
			SetupLoadedEditorAssemblies (524ms)
				LogAssemblyErrors (0ms)
				InitializePlatformSupportModulesInManaged (256ms)
				SetLoadedEditorAssemblies (0ms)
				RefreshPlugins (95ms)
				BeforeProcessingInitializeOnLoad (1ms)
				ProcessInitializeOnLoadAttributes (122ms)
				ProcessInitializeOnLoadMethodAttributes (49ms)
				AfterProcessingInitializeOnLoad (0ms)
				EditorAssembliesLoaded (0ms)
			ExecutionOrderSort2 (0ms)
			AwakeInstancesAfterBackupRestoration (0ms)
Platform modules already initialized, skipping
Registering precompiled user dll's ...
Registered in 0.006363 seconds.
Begin MonoManager ReloadAssembly
Symbol file data-00000216C11676E0 doesn't match image C:\Projects\VR\VR_project\VR_project\Library\ScriptAssemblies\Unity.VisualScripting.Flow.Editor.dll
Symbol file LoadedFromMemory is not a mono symbol file
Symbol file data-00000216C11734F0 doesn't match image C:\Projects\VR\VR_project\VR_project\Library\ScriptAssemblies\Unity.VSCode.Editor.dll
Symbol file LoadedFromMemory is not a mono symbol file
Symbol file data-00000216C46F9E20 doesn't match image C:\Projects\VR\VR_project\VR_project\Library\ScriptAssemblies\Unity.TextMeshPro.Editor.dll
Symbol file LoadedFromMemory is not a mono symbol file
Symbol file data-00000216C539D630 doesn't match image C:\Projects\VR\VR_project\VR_project\Library\ScriptAssemblies\Unity.Timeline.dll
Symbol file LoadedFromMemory is not a mono symbol file
Symbol file data-00000216C6576020 doesn't match image C:\Projects\VR\VR_project\VR_project\Library\ScriptAssemblies\Unity.VisualScripting.Core.Editor.dll
Symbol file LoadedFromMemory is not a mono symbol file
Symbol file data-00000216C539D630 doesn't match image C:\Projects\VR\VR_project\VR_project\Library\ScriptAssemblies\Unity.TextMeshPro.dll
Symbol file LoadedFromMemory is not a mono symbol file
Symbol file data-00000216C65F8840 doesn't match image C:\Projects\VR\VR_project\VR_project\Library\ScriptAssemblies\Unity.VisualScripting.State.Editor.dll
Symbol file LoadedFromMemory is not a mono symbol file
Symbol file data-00000216C1185710 doesn't match image C:\Projects\VR\VR_project\VR_project\Library\ScriptAssemblies\Unity.VisualScripting.SettingsProvider.Editor.dll
Symbol file LoadedFromMemory is not a mono symbol file
Symbol file data-00000216C6510F50 doesn't match image C:\Projects\VR\VR_project\VR_project\Library\ScriptAssemblies\Unity.VisualScripting.Flow.dll
Symbol file LoadedFromMemory is not a mono symbol file
Symbol file data-00000216C6510F50 doesn't match image C:\Projects\VR\VR_project\VR_project\Library\ScriptAssemblies\UnityEditor.UI.dll
Symbol file LoadedFromMemory is not a mono symbol file
Symbol file data-00000216C652DB20 doesn't match image C:\Projects\VR\VR_project\VR_project\Library\ScriptAssemblies\UnityEngine.UI.dll
Symbol file LoadedFromMemory is not a mono symbol file
Symbol file data-00000216C4646EA0 doesn't match image C:\Projects\VR\VR_project\VR_project\Library\ScriptAssemblies\Unity.VisualScripting.Core.dll
Symbol file LoadedFromMemory is not a mono symbol file
Symbol file data-00000216C655E230 doesn't match image C:\Projects\VR\VR_project\VR_project\Library\ScriptAssemblies\Unity.VisualScripting.Shared.Editor.dll
Symbol file LoadedFromMemory is not a mono symbol file
Symbol file data-00000216C4CEF680 doesn't match image C:\Projects\VR\VR_project\VR_project\Library\ScriptAssemblies\Unity.Timeline.Editor.dll
Symbol file LoadedFromMemory is not a mono symbol file
Symbol file data-00000216C4D3BF60 doesn't match image C:\Projects\VR\VR_project\VR_project\Library\ScriptAssemblies\Unity.CollabProxy.Editor.dll
Symbol file LoadedFromMemory is not a mono symbol file
Symbol file data-00000216C4DDA0C0 doesn't match image C:\Projects\VR\VR_project\VR_project\Library\ScriptAssemblies\Unity.VisualScripting.State.dll
Symbol file LoadedFromMemory is not a mono symbol file
Native extension for WindowsStandalone target not found
Native extension for Android target not found
Refreshing native plugins compatible for Editor in 49.83 ms, found 12 plugins.
Preloading 0 native plugins for Editor in 0.00 ms.
Package Manager log level set to [2]
[Package Manager] Server::EnsureServerProcessIsRunning -- launch failed, reason: Unity was launched with the -noUpm command-line argument
[Package Manager] Cannot connect to Unity Package Manager local server
Mono: successfully reloaded assembly
- Completed reload, in  1.493 seconds
Domain Reload Profiling:
	ReloadAssembly (1494ms)
		BeginReloadAssembly (104ms)
			ExecutionOrderSort (0ms)
			DisableScriptedObjects (5ms)
			BackupInstance (0ms)
			ReleaseScriptingObjects (0ms)
			CreateAndSetChildDomain (19ms)
		EndReloadAssembly (1312ms)
			LoadAssemblies (81ms)
			RebuildTransferFunctionScriptingTraits (0ms)
			SetupTypeCache (254ms)
			ReleaseScriptCaches (1ms)
			RebuildScriptCaches (61ms)
			SetupLoadedEditorAssemblies (885ms)
				LogAssemblyErrors (0ms)
				InitializePlatformSupportModulesInManaged (12ms)
				SetLoadedEditorAssemblies (0ms)
				RefreshPlugins (50ms)
				BeforeProcessingInitializeOnLoad (72ms)
				ProcessInitializeOnLoadAttributes (706ms)
				ProcessInitializeOnLoadMethodAttributes (38ms)
				AfterProcessingInitializeOnLoad (6ms)
				EditorAssembliesLoaded (0ms)
			ExecutionOrderSort2 (0ms)
			AwakeInstancesAfterBackupRestoration (5ms)
Platform modules already initialized, skipping
========================================================================
Worker process is ready to serve import requests
Launched and connected shader compiler UnityShaderCompiler.exe after 0.03 seconds
Refreshing native plugins compatible for Editor in 1.64 ms, found 12 plugins.
Preloading 0 native plugins for Editor in 0.00 ms.
Unloading 4680 Unused Serialized files (Serialized files now loaded: 0)
Unloading 64 unused Assets / (47.8 KB). Loaded Objects now: 5146.
Memory consumption went from 171.7 MB to 171.6 MB.
Total: 5.800300 ms (FindLiveObjects: 0.624400 ms CreateObjectMapping: 0.243400 ms MarkObjects: 4.777200 ms  DeleteObjects: 0.153900 ms)

AssetImportParameters requested are different than current active one (requested -> active):
  custom:video-decoder-ogg-theora: a1e56fd34408186e4bbccfd4996cb3dc -> 
  custom:container-muxer-webm: aa71ff27fc2769a1b78a27578f13a17b -> 
  custom:container-demuxer-webm: 4f35f7cbe854078d1ac9338744f61a02 -> 
  custom:video-encoder-webm-vp8: eb34c28f22e8b96e1ab97ce403110664 -> 
  custom:video-codec-MediaFoundation-h265: 746d11721c4dcdbdad8f713fa42b33f4 -> 
  custom:CustomObjectIndexerAttribute: bc11b3a6c3213fcdd17b65e7da85e133 -> 
  custom:audio-encoder-webm-vorbis: bf7c407c2cedff20999df2af8eb42d56 -> 
  custom:framework-win-MediaFoundation: 216162199b28c13a410421893ffa2e32 -> 
  custom:SearchIndexIgnoredProperties: e643bd26f0fe6173181afceb89e7c659 -> 
  custom:container-demuxer-ogg: 62fdf1f143b41e24485cea50d1cbac27 -> 
  custom:video-decoder-webm-vp8: 9c59270c3fd7afecdb556c50c9e8de78 -> 
  custom:audio-decoder-ogg-vorbis: bf7c407c2cedff20999df2af8eb42d56 -> 
========================================================================
Received Import Request.
  Time since last request: 843226.858334 seconds.
  path: Assets/Materials/GearMaterial.mat
  artifactKey: Guid(f93062ad2b91c284fb04ce23a9b3ad66) Importer(815301076,1909f56bfc062723c751e8b465ee728b)
Number of updated assets reloaded before import = 0
Start importing Assets/Materials/GearMaterial.mat using Guid(f93062ad2b91c284fb04ce23a9b3ad66) Importer(815301076,1909f56bfc062723c751e8b465ee728b)  -> (artifact id: 'f9fa91f7be83655046e6a40187749ee8') in 0.143792 seconds 
Number of asset objects unloaded after import = 1
========================================================================
Received Import Request.
  Time since last request: 2.002770 seconds.
  path: Assets/Models/final.prefab
  artifactKey: Guid(a7a8964ff7526b94aabd716c3cb335a0) Importer(815301076,1909f56bfc062723c751e8b465ee728b)
Number of updated assets reloaded before import = 0
Start importing Assets/Models/final.prefab using Guid(a7a8964ff7526b94aabd716c3cb335a0) Importer(815301076,1909f56bfc062723c751e8b465ee728b)  -> (artifact id: 'ce613c1b36bf47244a1c7277383e0bbb') in 0.040018 seconds 
Number of asset objects unloaded after import = 136
========================================================================
Received Import Request.
  Time since last request: 0.000027 seconds.
  path: Assets/Models/Table.prefab
  artifactKey: Guid(9d1d2be43d396e74a867b71a70fd9ffa) Importer(815301076,1909f56bfc062723c751e8b465ee728b)
Number of updated assets reloaded before import = 0
Start importing Assets/Models/Table.prefab using Guid(9d1d2be43d396e74a867b71a70fd9ffa) Importer(815301076,1909f56bfc062723c751e8b465ee728b)  -> (artifact id: 'de5dfaf80612e5c3c16a5eb122842776') in 0.039624 seconds 
Number of asset objects unloaded after import = 136
========================================================================
Received Import Request.
  Time since last request: 0.000035 seconds.
  path: Assets/Models/Robot.prefab
  artifactKey: Guid(3895f1083541cba4fbd2bfe543f07bb9) Importer(815301076,1909f56bfc062723c751e8b465ee728b)
Number of updated assets reloaded before import = 0
Start importing Assets/Models/Robot.prefab using Guid(3895f1083541cba4fbd2bfe543f07bb9) Importer(815301076,1909f56bfc062723c751e8b465ee728b)  -> (artifact id: '141c8eda2a9aef923641be63356611b5') in 0.092862 seconds 
Number of asset objects unloaded after import = 513
========================================================================
Received Import Request.
  Time since last request: 0.000020 seconds.
  path: Assets/Models/Table-fbx Variant 1.prefab
  artifactKey: Guid(5b4c1db46e15bfa4daeda43c2fec942b) Importer(815301076,1909f56bfc062723c751e8b465ee728b)
Number of updated assets reloaded before import = 0
Start importing Assets/Models/Table-fbx Variant 1.prefab using Guid(5b4c1db46e15bfa4daeda43c2fec942b) Importer(815301076,1909f56bfc062723c751e8b465ee728b)  -> (artifact id: 'f5108b3b13210d5071db0fb9d75da2e6') in 0.051362 seconds 
Number of asset objects unloaded after import = 92
========================================================================
Received Import Request.
  Time since last request: 0.000013 seconds.
  path: Assets/Models/Table-fbx.fbx
  artifactKey: Guid(ee744e1967d22f04a8f74c271c301d50) Importer(815301076,1909f56bfc062723c751e8b465ee728b)
Number of updated assets reloaded before import = 0
Start importing Assets/Models/Table-fbx.fbx using Guid(ee744e1967d22f04a8f74c271c301d50) Importer(815301076,1909f56bfc062723c751e8b465ee728b)  -> (artifact id: '0efb58ceb1dbf9f0f3bf147a3e1aab24') in 0.086926 seconds 
Number of asset objects unloaded after import = 50
========================================================================
Received Import Request.
  Time since last request: 39.027338 seconds.
  path: Assets/SteamVR/InteractionSystem/Longbow/Sounds/ArrowLaunchFire02.wav
  artifactKey: Guid(716aaae09f0c5774a972f0bacd5e5e22) Importer(815301076,1909f56bfc062723c751e8b465ee728b)
Number of updated assets reloaded before import = 0
Start importing Assets/SteamVR/InteractionSystem/Longbow/Sounds/ArrowLaunchFire02.wav using Guid(716aaae09f0c5774a972f0bacd5e5e22) Importer(815301076,1909f56bfc062723c751e8b465ee728b)  -> (artifact id: '4d30f95847d41f64443a4a9074430977') in 0.055862 seconds 
Number of asset objects unloaded after import = 2
========================================================================
Received Import Request.
  Time since last request: 0.000024 seconds.
  path: Assets/SteamVR/InteractionSystem/Longbow/Sounds/ArrowLaunchFire05.wav
  artifactKey: Guid(652445d40bda96847993b3a366b80b34) Importer(815301076,1909f56bfc062723c751e8b465ee728b)
Number of updated assets reloaded before import = 0
Start importing Assets/SteamVR/InteractionSystem/Longbow/Sounds/ArrowLaunchFire05.wav using Guid(652445d40bda96847993b3a366b80b34) Importer(815301076,1909f56bfc062723c751e8b465ee728b)  -> (artifact id: '680b631d4965d12f99ee4205f98ec5be') in 0.006501 seconds 
Number of asset objects unloaded after import = 2
========================================================================
Received Import Request.
  Time since last request: 0.000018 seconds.
  path: Assets/SteamVR/InteractionSystem/Longbow/Sounds/ArrowLaunchFire07.wav
  artifactKey: Guid(518ba9936d20b554f98e8472b29da0b5) Importer(815301076,1909f56bfc062723c751e8b465ee728b)
Number of updated assets reloaded before import = 0
Start importing Assets/SteamVR/InteractionSystem/Longbow/Sounds/ArrowLaunchFire07.wav using Guid(518ba9936d20b554f98e8472b29da0b5) Importer(815301076,1909f56bfc062723c751e8b465ee728b)  -> (artifact id: '32341d8e1ed6b654a9ec13d0350f0b28') in 0.005819 seconds 
Number of asset objects unloaded after import = 2
========================================================================
Received Import Request.
  Time since last request: 0.000021 seconds.
  path: Assets/SteamVR/InteractionSystem/Longbow/Sounds/ArrowLaunchFire09.wav
  artifactKey: Guid(95ced3c408cd93048b111626535a8b3f) Importer(815301076,1909f56bfc062723c751e8b465ee728b)
Number of updated assets reloaded before import = 0
Start importing Assets/SteamVR/InteractionSystem/Longbow/Sounds/ArrowLaunchFire09.wav using Guid(95ced3c408cd93048b111626535a8b3f) Importer(815301076,1909f56bfc062723c751e8b465ee728b)  -> (artifact id: 'eba15538a41f12ad851da7ed166b92af') in 0.005355 seconds 
Number of asset objects unloaded after import = 2
========================================================================
Received Import Request.
  Time since last request: 0.000016 seconds.
  path: Assets/SteamVR/InteractionSystem/Samples/JoeJeff/Animation/HumanoidJumpAndFall.fbx
  artifactKey: Guid(51dd2e4c869794f75a0df7d54b210214) Importer(815301076,1909f56bfc062723c751e8b465ee728b)
Number of updated assets reloaded before import = 0
Start importing Assets/SteamVR/InteractionSystem/Samples/JoeJeff/Animation/HumanoidJumpAndFall.fbx using Guid(51dd2e4c869794f75a0df7d54b210214) Importer(815301076,1909f56bfc062723c751e8b465ee728b)  -> (artifact id: '41bfeeda2fae0298fff2cf06b6d0ba11') in 0.007402 seconds 
Number of asset objects unloaded after import = 160
========================================================================
Received Import Request.
  Time since last request: 0.000017 seconds.
  path: Assets/SteamVR/InteractionSystem/Longbow/Sounds/ArrowLaunchFire06.wav
  artifactKey: Guid(f469358269d38b143b9f7bc2d6b57a29) Importer(815301076,1909f56bfc062723c751e8b465ee728b)
Number of updated assets reloaded before import = 0
Start importing Assets/SteamVR/InteractionSystem/Longbow/Sounds/ArrowLaunchFire06.wav using Guid(f469358269d38b143b9f7bc2d6b57a29) Importer(815301076,1909f56bfc062723c751e8b465ee728b)  -> (artifact id: '3a23699828a727305ac69f2fdb223b68') in 0.005357 seconds 
Number of asset objects unloaded after import = 2
========================================================================
Received Import Request.
  Time since last request: 0.000015 seconds.
  path: Assets/SteamVR/InteractionSystem/Longbow/Sounds/ArrowLaunchFire10.wav
  artifactKey: Guid(07052560d042e0e4ba61076ebb2e1b94) Importer(815301076,1909f56bfc062723c751e8b465ee728b)
Number of updated assets reloaded before import = 0
Start importing Assets/SteamVR/InteractionSystem/Longbow/Sounds/ArrowLaunchFire10.wav using Guid(07052560d042e0e4ba61076ebb2e1b94) Importer(815301076,1909f56bfc062723c751e8b465ee728b)  -> (artifact id: '7012d44f14337ae443795783a2a70e01') in 0.006076 seconds 
Number of asset objects unloaded after import = 2
========================================================================
Received Import Request.
  Time since last request: 0.000018 seconds.
  path: Assets/SteamVR/InteractionSystem/Samples/Models/black_floor_metal_NRM.jpg
  artifactKey: Guid(35f6da91b7f761e45b32d5f613a851cd) Importer(815301076,1909f56bfc062723c751e8b465ee728b)
Number of updated assets reloaded before import = 0
Start importing Assets/SteamVR/InteractionSystem/Samples/Models/black_floor_metal_NRM.jpg using Guid(35f6da91b7f761e45b32d5f613a851cd) Importer(815301076,1909f56bfc062723c751e8b465ee728b)  -> (artifact id: 'ddc1959fe5f1b631cdcc00b38022a48d') in 0.025851 seconds 
Number of asset objects unloaded after import = 2
========================================================================
Received Import Request.
  Time since last request: 0.000019 seconds.
  path: Assets/SteamVR/InteractionSystem/Longbow/Sounds/ArrowLaunchFire04.wav
  artifactKey: Guid(39d2fc39182c11e4bba4ed719d778c0e) Importer(815301076,1909f56bfc062723c751e8b465ee728b)
Number of updated assets reloaded before import = 0
Start importing Assets/SteamVR/InteractionSystem/Longbow/Sounds/ArrowLaunchFire04.wav using Guid(39d2fc39182c11e4bba4ed719d778c0e) Importer(815301076,1909f56bfc062723c751e8b465ee728b)  -> (artifact id: 'fc0106ce5cef3867d39424f91155193d') in 0.005642 seconds 
Number of asset objects unloaded after import = 2
========================================================================
Received Import Request.
  Time since last request: 36.684972 seconds.
  path: Assets/SteamVR/Icon/_steamvr.png
  artifactKey: Guid(200a36575873a1d40baa790e18dafe5d) Importer(815301076,1909f56bfc062723c751e8b465ee728b)
Number of updated assets reloaded before import = 0
Start importing Assets/SteamVR/Icon/_steamvr.png using Guid(200a36575873a1d40baa790e18dafe5d) Importer(815301076,1909f56bfc062723c751e8b465ee728b)  -> (artifact id: 'db76c479c8c6024f11ff022c189f1efc') in 0.009469 seconds 
Number of asset objects unloaded after import = 2
========================================================================
Received Import Request.
  Time since last request: 0.000021 seconds.
  path: Assets/SteamVR/InteractionSystem/Longbow/Sounds/ArrowIgnite01.wav
  artifactKey: Guid(e45d903a97eada14bbd5177c2da9703d) Importer(815301076,1909f56bfc062723c751e8b465ee728b)
Number of updated assets reloaded before import = 0
Start importing Assets/SteamVR/InteractionSystem/Longbow/Sounds/ArrowIgnite01.wav using Guid(e45d903a97eada14bbd5177c2da9703d) Importer(815301076,1909f56bfc062723c751e8b465ee728b)  -> (artifact id: '782a5c6153ed6ff2ad20ff26982596ce') in 0.047919 seconds 
Number of asset objects unloaded after import = 2
========================================================================
Received Import Request.
  Time since last request: 0.000019 seconds.
  path: Assets/XR/Settings/OpenXR Package Settings.asset
  artifactKey: Guid(2c927658e5c924542a0052ac0be2e564) Importer(815301076,1909f56bfc062723c751e8b465ee728b)
Number of updated assets reloaded before import = 0
Start importing Assets/XR/Settings/OpenXR Package Settings.asset using Guid(2c927658e5c924542a0052ac0be2e564) Importer(815301076,1909f56bfc062723c751e8b465ee728b)  -> (artifact id: '25a4a665ec14908a4a811bc307568740') in 0.005644 seconds 
Number of asset objects unloaded after import = 37
========================================================================
Received Import Request.
  Time since last request: 0.000024 seconds.
  path: Assets/SteamVR/InteractionSystem/Hints/Prefabs/ControllerTextHint.prefab
  artifactKey: Guid(5fa42bb9e52706a42b8a1eaf0b54326a) Importer(815301076,1909f56bfc062723c751e8b465ee728b)
Number of updated assets reloaded before import = 0
Start importing Assets/SteamVR/InteractionSystem/Hints/Prefabs/ControllerTextHint.prefab using Guid(5fa42bb9e52706a42b8a1eaf0b54326a) Importer(815301076,1909f56bfc062723c751e8b465ee728b)  -> (artifact id: '182ef3c94b6ac10594bf53cdf373c363') in 0.078398 seconds 
Number of asset objects unloaded after import = 38
========================================================================
Received Import Request.
  Time since last request: 0.000015 seconds.
  path: Assets/SteamVR/InteractionSystem/Longbow/PhysicMaterials/ArcheryTargetPhysMaterial.physicMaterial
  artifactKey: Guid(c509d5711dc2cc346be2763cd92383ca) Importer(815301076,1909f56bfc062723c751e8b465ee728b)
Number of updated assets reloaded before import = 0
Start importing Assets/SteamVR/InteractionSystem/Longbow/PhysicMaterials/ArcheryTargetPhysMaterial.physicMaterial using Guid(c509d5711dc2cc346be2763cd92383ca) Importer(815301076,1909f56bfc062723c751e8b465ee728b)  -> (artifact id: 'b6a5268bde7c9b126dfd95d1c5a7ac17') in 0.003378 seconds 
Number of asset objects unloaded after import = 1
Editor requested this worker to shutdown with reason: Scaling down because of idle timeout
AssetImportWorker is now disconnected from the server
Process exiting
Exiting without the bug reporter. Application will terminate with return code 0